// Jest Snapshot v1, https://goo.gl/fbAQLP

exports[`Välj företag renders Välj företag unchanged 1`] = `
{
  "asFragment": [Function],
  "baseElement": <body>
    <div
      class="Toaster"
      id="react-toast"
    >
      <span
        class="Toaster__manager-top"
        style="max-width: 560px; position: fixed; z-index: 5500; pointer-events: none; margin: 0px auto; text-align: center; top: 59px; right: 75px; left: 75px;"
      />
      <span
        class="Toaster__manager-top-left"
        style="max-width: 560px; position: fixed; z-index: 5500; pointer-events: none; top: 59px; left: 75px;"
      />
      <span
        class="Toaster__manager-top-right"
        style="max-width: 560px; position: fixed; z-index: 5500; pointer-events: none; top: 59px; right: 75px;"
      />
      <span
        class="Toaster__manager-bottom-left"
        style="max-width: 560px; position: fixed; z-index: 5500; pointer-events: none; bottom: 59px; left: 75px;"
      />
      <span
        class="Toaster__manager-bottom"
        style="max-width: 560px; position: fixed; z-index: 5500; pointer-events: none; margin: 0px auto; text-align: center; bottom: 59px; right: 75px; left: 75px;"
      />
      <span
        class="Toaster__manager-bottom-right"
        style="max-width: 560px; position: fixed; z-index: 5500; pointer-events: none; bottom: 59px; right: 75px;"
      />
    </div>
    <div>
      <div
        class="bg-gray-lighter min-h-screen"
      >
        <main>
          <div
            class="flex items-center justify-center min-h-screen"
          >
            <div
              class="max-w-5xl w-full flex flex-col bg-white p-6 md:p-20 shadow-lg text-left"
            >
              <div
                class=""
              >
                <h1
                  class="mb-10 text-xl"
                >
                  Vem vill du företräda?
                </h1>
                <p
                  class="pb-12"
                >
                  Du kan företräda andra än dig själv på Mina sidor för företag. Välj det företag eller den person du vill företräda och klicka sedan på Fortsätt.
                </p>
              </div>
              <h6
                class="mt-0 mb-6"
              >
                Företag
              </h6>
              <div
                class="break-words"
              >
                <div
                  class="row-header p-4 gap-2 grid grid-cols-2 font-bold"
                  style="background-color: rgb(217, 230, 239);"
                >
                  <div
                    class="row-header-name"
                  >
                    Namn
                  </div>
                  <div
                    class="row-header-social-security-number"
                  >
                    Organisationsnummer
                  </div>
                </div>
                <div
                  class="p-4 gap-2 grid grid-cols-2 bg-gray-lighter"
                >
                  <div
                    class="row-header-name"
                  >
                    <input
                      class="p-3 mr-1"
                      id="org-organizationNumber"
                      name="entity"
                      type="radio"
                      value="organizationNumber"
                    />
                     
                    <label
                      for="org-organizationNumber"
                    >
                      organizationName
                    </label>
                  </div>
                  <div
                    class="row-header-social-security-number"
                  >
                    organizationNumber
                  </div>
                </div>
              </div>
              <p
                class="pt-12 pb-12"
              >
                *Genom att klicka på Fortsätt godkänner du att Sundsvalls kommun hämtar uppgifter om ditt företag från Bolagsverket.
              </p>
              <button
                aria-disabled="true"
                class="btn btn-md btn-solid btn-disabled rounded-md"
                data-color="primary"
                data-cy="representingEntityButton"
                disabled=""
              >
                Fortsätt
              </button>
            </div>
          </div>
        </main>
      </div>
    </div>
  </body>,
  "container": <div>
    <div
      class="bg-gray-lighter min-h-screen"
    >
      <main>
        <div
          class="flex items-center justify-center min-h-screen"
        >
          <div
            class="max-w-5xl w-full flex flex-col bg-white p-6 md:p-20 shadow-lg text-left"
          >
            <div
              class=""
            >
              <h1
                class="mb-10 text-xl"
              >
                Vem vill du företräda?
              </h1>
              <p
                class="pb-12"
              >
                Du kan företräda andra än dig själv på Mina sidor för företag. Välj det företag eller den person du vill företräda och klicka sedan på Fortsätt.
              </p>
            </div>
            <h6
              class="mt-0 mb-6"
            >
              Företag
            </h6>
            <div
              class="break-words"
            >
              <div
                class="row-header p-4 gap-2 grid grid-cols-2 font-bold"
                style="background-color: rgb(217, 230, 239);"
              >
                <div
                  class="row-header-name"
                >
                  Namn
                </div>
                <div
                  class="row-header-social-security-number"
                >
                  Organisationsnummer
                </div>
              </div>
              <div
                class="p-4 gap-2 grid grid-cols-2 bg-gray-lighter"
              >
                <div
                  class="row-header-name"
                >
                  <input
                    class="p-3 mr-1"
                    id="org-organizationNumber"
                    name="entity"
                    type="radio"
                    value="organizationNumber"
                  />
                   
                  <label
                    for="org-organizationNumber"
                  >
                    organizationName
                  </label>
                </div>
                <div
                  class="row-header-social-security-number"
                >
                  organizationNumber
                </div>
              </div>
            </div>
            <p
              class="pt-12 pb-12"
            >
              *Genom att klicka på Fortsätt godkänner du att Sundsvalls kommun hämtar uppgifter om ditt företag från Bolagsverket.
            </p>
            <button
              aria-disabled="true"
              class="btn btn-md btn-solid btn-disabled rounded-md"
              data-color="primary"
              data-cy="representingEntityButton"
              disabled=""
            >
              Fortsätt
            </button>
          </div>
        </div>
      </main>
    </div>
  </div>,
  "debug": [Function],
  "findAllByAltText": [Function],
  "findAllByDisplayValue": [Function],
  "findAllByLabelText": [Function],
  "findAllByPlaceholderText": [Function],
  "findAllByRole": [Function],
  "findAllByTestId": [Function],
  "findAllByText": [Function],
  "findAllByTitle": [Function],
  "findByAltText": [Function],
  "findByDisplayValue": [Function],
  "findByLabelText": [Function],
  "findByPlaceholderText": [Function],
  "findByRole": [Function],
  "findByTestId": [Function],
  "findByText": [Function],
  "findByTitle": [Function],
  "getAllByAltText": [Function],
  "getAllByDisplayValue": [Function],
  "getAllByLabelText": [Function],
  "getAllByPlaceholderText": [Function],
  "getAllByRole": [Function],
  "getAllByTestId": [Function],
  "getAllByText": [Function],
  "getAllByTitle": [Function],
  "getByAltText": [Function],
  "getByDisplayValue": [Function],
  "getByLabelText": [Function],
  "getByPlaceholderText": [Function],
  "getByRole": [Function],
  "getByTestId": [Function],
  "getByText": [Function],
  "getByTitle": [Function],
  "queryAllByAltText": [Function],
  "queryAllByDisplayValue": [Function],
  "queryAllByLabelText": [Function],
  "queryAllByPlaceholderText": [Function],
  "queryAllByRole": [Function],
  "queryAllByTestId": [Function],
  "queryAllByText": [Function],
  "queryAllByTitle": [Function],
  "queryByAltText": [Function],
  "queryByDisplayValue": [Function],
  "queryByLabelText": [Function],
  "queryByPlaceholderText": [Function],
  "queryByRole": [Function],
  "queryByTestId": [Function],
  "queryByText": [Function],
  "queryByTitle": [Function],
  "rerender": [Function],
  "unmount": [Function],
}
`;
