// Jest Snapshot v1, https://goo.gl/fbAQLP

exports[`NotificationsAlert renders NotificationsAlert with modal open unchanged 1`] = `
{
  "asFragment": [Function],
  "baseElement": <body>
    <div
      class="Toaster"
      id="react-toast"
    >
      <span
        class="Toaster__manager-top"
        style="max-width: 560px; position: fixed; z-index: 5500; pointer-events: none; margin: 0px auto; text-align: center; top: 59px; right: 75px; left: 75px;"
      />
      <span
        class="Toaster__manager-top-left"
        style="max-width: 560px; position: fixed; z-index: 5500; pointer-events: none; top: 59px; left: 75px;"
      />
      <span
        class="Toaster__manager-top-right"
        style="max-width: 560px; position: fixed; z-index: 5500; pointer-events: none; top: 59px; right: 75px;"
      />
      <span
        class="Toaster__manager-bottom-left"
        style="max-width: 560px; position: fixed; z-index: 5500; pointer-events: none; bottom: 59px; left: 75px;"
      />
      <span
        class="Toaster__manager-bottom"
        style="max-width: 560px; position: fixed; z-index: 5500; pointer-events: none; margin: 0px auto; text-align: center; bottom: 59px; right: 75px; left: 75px;"
      />
      <span
        class="Toaster__manager-bottom-right"
        style="max-width: 560px; position: fixed; z-index: 5500; pointer-events: none; bottom: 59px; right: 75px;"
      />
    </div>
    <div>
      <div
        class="lg:relative"
        data-headlessui-state="open"
      >
        <div
          class="lg:relative mr-sm sm:mr-md"
        >
          <button
            aria-controls="headlessui-popover-panel-:r2:"
            aria-expanded="true"
            aria-label="Det finns 4 nya händelser"
            data-headlessui-state="open"
            id="headlessui-popover-button-:r0:"
            type="button"
          >
            <div
              class="relative cursor-pointer text-xl lg:text-2xl"
            >
              <svg
                aria-hidden="true"
                class="MuiSvgIcon-root MuiSvgIcon-fontSizeMedium material-icon css-i4bv87-MuiSvgIcon-root"
                data-testid="NotificationsActiveOutlinedIcon"
                focusable="false"
                viewBox="0 0 24 24"
              >
                <path
                  d="M12 22c1.1 0 2-.9 2-2h-4c0 1.1.9 2 2 2zm6-6v-5c0-3.07-1.63-5.64-4.5-6.32V4c0-.83-.67-1.5-1.5-1.5s-1.5.67-1.5 1.5v.68C7.64 5.36 6 7.92 6 11v5l-2 2v1h16v-1l-2-2zm-2 1H8v-6c0-2.48 1.51-4.5 4-4.5s4 2.02 4 4.5v6zM7.58 4.08 6.15 2.65C3.75 4.48 2.17 7.3 2.03 10.5h2c.15-2.65 1.51-4.97 3.55-6.42zm12.39 6.42h2c-.15-3.2-1.73-6.02-4.12-7.85l-1.42 1.43c2.02 1.45 3.39 3.77 3.54 6.42z"
                />
              </svg>
              <div
                class="absolute text-white text-xs font-bold flex items-center justify-center w-[24px] h-[24px] bg-red rounded-full -top-2 -right-5 border-2 border-white box-content"
              >
                <span
                  class="ml-[1px]"
                >
                  4
                </span>
              </div>
            </div>
          </button>
        </div>
        <div
          class="absolute z-10 right-0 left-0 lg:left-auto"
          data-headlessui-state="open"
          id="headlessui-popover-panel-:r2:"
          tabindex="-1"
        >
          <div
            class="block lg:hidden w-screen absolute top-9 min-h-80 z-10"
          >
            <div
              class="bg-gray-100 lg:bg-white rounded-md lg:border border-gray-400 shadow-lg p-md pb-xl lg:pb-md flex flex-col"
            >
              <div
                class="flex justify-between mt-sm"
              >
                <h4
                  class="text-lg"
                >
                  Notifikationer
                </h4>
                <a
                  class="link lg:hidden"
                >
                  Rensa alla
                </a>
              </div>
              <button
                class=" mt-md p-sm min-h-28 bg-white border-l-4 align-middle text-left shadow-md border-info"
                tabindex="0"
              >
                <div
                  class="flex justify-between"
                >
                  <div
                    class="text-lg font-bold whitespace-nowrap mr-md"
                  >
                    <svg
                      aria-hidden="true"
                      class="MuiSvgIcon-root MuiSvgIcon-fontSizeLarge w-10 h-10 mb-2 text-xl text-info css-tzssek-MuiSvgIcon-root"
                      data-testid="ErrorIcon"
                      focusable="false"
                      viewBox="0 0 24 24"
                    >
                      <path
                        d="M12 2C6.48 2 2 6.48 2 12s4.48 10 10 10 10-4.48 10-10S17.52 2 12 2zm1 15h-2v-2h2v2zm0-4h-2V7h2v6z"
                      />
                    </svg>
                     
                    Kompletterad
                    :
                     
                    <span
                      class="hidden lg:inline"
                    >
                      caseTypeOngoingA
                       
                      idOngoingA
                    </span>
                  </div>
                </div>
                <div
                  class="lg:hidden"
                >
                  caseTypeOngoingA
                   
                  idOngoingA
                </div>
                <div>
                  Invalid Date klockan Invalid Date
                </div>
                <span
                  class="sr-only"
                >
                  Gå till ärende
                </span>
              </button>
              <button
                class=" mt-md p-sm min-h-28 bg-white border-l-4 align-middle text-left shadow-md border-info"
                tabindex="0"
              >
                <div
                  class="flex justify-between"
                >
                  <div
                    class="text-lg font-bold whitespace-nowrap mr-md"
                  >
                    <svg
                      aria-hidden="true"
                      class="MuiSvgIcon-root MuiSvgIcon-fontSizeLarge w-10 h-10 mb-2 text-xl text-info css-tzssek-MuiSvgIcon-root"
                      data-testid="ErrorIcon"
                      focusable="false"
                      viewBox="0 0 24 24"
                    >
                      <path
                        d="M12 2C6.48 2 2 6.48 2 12s4.48 10 10 10 10-4.48 10-10S17.52 2 12 2zm1 15h-2v-2h2v2zm0-4h-2V7h2v6z"
                      />
                    </svg>
                     
                    Kompletterad
                    :
                     
                    <span
                      class="hidden lg:inline"
                    >
                      caseTypeOngoingB
                       
                      idOngoingB
                    </span>
                  </div>
                </div>
                <div
                  class="lg:hidden"
                >
                  caseTypeOngoingB
                   
                  idOngoingB
                </div>
                <div>
                  Invalid Date klockan Invalid Date
                </div>
                <span
                  class="sr-only"
                >
                  Gå till ärende
                </span>
              </button>
              <button
                class=" mt-md p-sm min-h-28 bg-white border-l-4 align-middle text-left shadow-md border-neutral-300"
                tabindex="0"
              >
                <div
                  class="flex justify-between"
                >
                  <div
                    class="text-lg font-bold whitespace-nowrap mr-md"
                  >
                    <svg
                      aria-hidden="true"
                      class="MuiSvgIcon-root MuiSvgIcon-fontSizeLarge w-10 h-10 mb-2 text-xl text-neutral-300 css-tzssek-MuiSvgIcon-root"
                      data-testid="ErrorIcon"
                      focusable="false"
                      viewBox="0 0 24 24"
                    >
                      <path
                        d="M12 2C6.48 2 2 6.48 2 12s4.48 10 10 10 10-4.48 10-10S17.52 2 12 2zm1 15h-2v-2h2v2zm0-4h-2V7h2v6z"
                      />
                    </svg>
                     
                    Ärendet arkiveras
                    :
                     
                    <span
                      class="hidden lg:inline"
                    >
                      caseTypeClosedA
                       
                      idClosedA
                    </span>
                  </div>
                </div>
                <div
                  class="lg:hidden"
                >
                  caseTypeClosedA
                   
                  idClosedA
                </div>
                <div>
                  Invalid Date klockan Invalid Date
                </div>
                <span
                  class="sr-only"
                >
                  Gå till ärende
                </span>
              </button>
              <button
                class=" mt-md p-sm min-h-28 bg-white border-l-4 align-middle text-left shadow-md border-neutral-300"
                tabindex="0"
              >
                <div
                  class="flex justify-between"
                >
                  <div
                    class="text-lg font-bold whitespace-nowrap mr-md"
                  >
                    <svg
                      aria-hidden="true"
                      class="MuiSvgIcon-root MuiSvgIcon-fontSizeLarge w-10 h-10 mb-2 text-xl text-neutral-300 css-tzssek-MuiSvgIcon-root"
                      data-testid="ErrorIcon"
                      focusable="false"
                      viewBox="0 0 24 24"
                    >
                      <path
                        d="M12 2C6.48 2 2 6.48 2 12s4.48 10 10 10 10-4.48 10-10S17.52 2 12 2zm1 15h-2v-2h2v2zm0-4h-2V7h2v6z"
                      />
                    </svg>
                     
                    Ärendet arkiveras
                    :
                     
                    <span
                      class="hidden lg:inline"
                    >
                      caseTypeClosedB
                       
                      idClosedB
                    </span>
                  </div>
                </div>
                <div
                  class="lg:hidden"
                >
                  caseTypeClosedB
                   
                  idClosedB
                </div>
                <div>
                  Invalid Date klockan Invalid Date
                </div>
                <span
                  class="sr-only"
                >
                  Gå till ärende
                </span>
              </button>
              <div
                class="w-full flex justify-between mt-md"
              >
                <button
                  class="btn btn-lg btn-solid hidden lg:flex"
                  data-color="primary"
                  type="submit"
                >
                  <span
                    class="btn-has-icon-left"
                  >
                    <svg
                      aria-hidden="true"
                      class="MuiSvgIcon-root MuiSvgIcon-fontSizeLarge mr-sm css-tzssek-MuiSvgIcon-root"
                      data-testid="DeleteOutlineIcon"
                      focusable="false"
                      viewBox="0 0 24 24"
                    >
                      <path
                        d="M6 19c0 1.1.9 2 2 2h8c1.1 0 2-.9 2-2V7H6v12zM8 9h8v10H8V9zm7.5-5-1-1h-5l-1 1H5v2h14V4z"
                      />
                    </svg>
                  </span>
                  Rensa alla
                </button>
              </div>
            </div>
          </div>
          <div
            class="hidden lg:block absolute top-10 -right-14 min-w-[50rem] w-min min-h-80"
          >
            <div
              class="bg-gray-100 lg:bg-white rounded-md lg:border border-gray-400 shadow-lg p-md pb-xl lg:pb-md flex flex-col"
            >
              <div
                class="flex justify-between mt-sm"
              >
                <h4
                  class="text-lg"
                >
                  Notifikationer
                </h4>
                <a
                  class="link lg:hidden"
                >
                  Rensa alla
                </a>
              </div>
              <button
                class=" mt-md p-sm min-h-28 bg-white border-l-4 align-middle text-left shadow-md border-info"
                tabindex="0"
              >
                <div
                  class="flex justify-between"
                >
                  <div
                    class="text-lg font-bold whitespace-nowrap mr-md"
                  >
                    <svg
                      aria-hidden="true"
                      class="MuiSvgIcon-root MuiSvgIcon-fontSizeLarge w-10 h-10 mb-2 text-xl text-info css-tzssek-MuiSvgIcon-root"
                      data-testid="ErrorIcon"
                      focusable="false"
                      viewBox="0 0 24 24"
                    >
                      <path
                        d="M12 2C6.48 2 2 6.48 2 12s4.48 10 10 10 10-4.48 10-10S17.52 2 12 2zm1 15h-2v-2h2v2zm0-4h-2V7h2v6z"
                      />
                    </svg>
                     
                    Kompletterad
                    :
                     
                    <span
                      class="hidden lg:inline"
                    >
                      caseTypeOngoingA
                       
                      idOngoingA
                    </span>
                  </div>
                </div>
                <div
                  class="lg:hidden"
                >
                  caseTypeOngoingA
                   
                  idOngoingA
                </div>
                <div>
                  Invalid Date klockan Invalid Date
                </div>
                <span
                  class="sr-only"
                >
                  Gå till ärende
                </span>
              </button>
              <button
                class=" mt-md p-sm min-h-28 bg-white border-l-4 align-middle text-left shadow-md border-info"
                tabindex="0"
              >
                <div
                  class="flex justify-between"
                >
                  <div
                    class="text-lg font-bold whitespace-nowrap mr-md"
                  >
                    <svg
                      aria-hidden="true"
                      class="MuiSvgIcon-root MuiSvgIcon-fontSizeLarge w-10 h-10 mb-2 text-xl text-info css-tzssek-MuiSvgIcon-root"
                      data-testid="ErrorIcon"
                      focusable="false"
                      viewBox="0 0 24 24"
                    >
                      <path
                        d="M12 2C6.48 2 2 6.48 2 12s4.48 10 10 10 10-4.48 10-10S17.52 2 12 2zm1 15h-2v-2h2v2zm0-4h-2V7h2v6z"
                      />
                    </svg>
                     
                    Kompletterad
                    :
                     
                    <span
                      class="hidden lg:inline"
                    >
                      caseTypeOngoingB
                       
                      idOngoingB
                    </span>
                  </div>
                </div>
                <div
                  class="lg:hidden"
                >
                  caseTypeOngoingB
                   
                  idOngoingB
                </div>
                <div>
                  Invalid Date klockan Invalid Date
                </div>
                <span
                  class="sr-only"
                >
                  Gå till ärende
                </span>
              </button>
              <button
                class=" mt-md p-sm min-h-28 bg-white border-l-4 align-middle text-left shadow-md border-neutral-300"
                tabindex="0"
              >
                <div
                  class="flex justify-between"
                >
                  <div
                    class="text-lg font-bold whitespace-nowrap mr-md"
                  >
                    <svg
                      aria-hidden="true"
                      class="MuiSvgIcon-root MuiSvgIcon-fontSizeLarge w-10 h-10 mb-2 text-xl text-neutral-300 css-tzssek-MuiSvgIcon-root"
                      data-testid="ErrorIcon"
                      focusable="false"
                      viewBox="0 0 24 24"
                    >
                      <path
                        d="M12 2C6.48 2 2 6.48 2 12s4.48 10 10 10 10-4.48 10-10S17.52 2 12 2zm1 15h-2v-2h2v2zm0-4h-2V7h2v6z"
                      />
                    </svg>
                     
                    Ärendet arkiveras
                    :
                     
                    <span
                      class="hidden lg:inline"
                    >
                      caseTypeClosedA
                       
                      idClosedA
                    </span>
                  </div>
                </div>
                <div
                  class="lg:hidden"
                >
                  caseTypeClosedA
                   
                  idClosedA
                </div>
                <div>
                  Invalid Date klockan Invalid Date
                </div>
                <span
                  class="sr-only"
                >
                  Gå till ärende
                </span>
              </button>
              <button
                class=" mt-md p-sm min-h-28 bg-white border-l-4 align-middle text-left shadow-md border-neutral-300"
                tabindex="0"
              >
                <div
                  class="flex justify-between"
                >
                  <div
                    class="text-lg font-bold whitespace-nowrap mr-md"
                  >
                    <svg
                      aria-hidden="true"
                      class="MuiSvgIcon-root MuiSvgIcon-fontSizeLarge w-10 h-10 mb-2 text-xl text-neutral-300 css-tzssek-MuiSvgIcon-root"
                      data-testid="ErrorIcon"
                      focusable="false"
                      viewBox="0 0 24 24"
                    >
                      <path
                        d="M12 2C6.48 2 2 6.48 2 12s4.48 10 10 10 10-4.48 10-10S17.52 2 12 2zm1 15h-2v-2h2v2zm0-4h-2V7h2v6z"
                      />
                    </svg>
                     
                    Ärendet arkiveras
                    :
                     
                    <span
                      class="hidden lg:inline"
                    >
                      caseTypeClosedB
                       
                      idClosedB
                    </span>
                  </div>
                </div>
                <div
                  class="lg:hidden"
                >
                  caseTypeClosedB
                   
                  idClosedB
                </div>
                <div>
                  Invalid Date klockan Invalid Date
                </div>
                <span
                  class="sr-only"
                >
                  Gå till ärende
                </span>
              </button>
              <div
                class="w-full flex justify-between mt-md"
              >
                <button
                  class="btn btn-lg btn-solid hidden lg:flex"
                  data-color="primary"
                  type="submit"
                >
                  <span
                    class="btn-has-icon-left"
                  >
                    <svg
                      aria-hidden="true"
                      class="MuiSvgIcon-root MuiSvgIcon-fontSizeLarge mr-sm css-tzssek-MuiSvgIcon-root"
                      data-testid="DeleteOutlineIcon"
                      focusable="false"
                      viewBox="0 0 24 24"
                    >
                      <path
                        d="M6 19c0 1.1.9 2 2 2h8c1.1 0 2-.9 2-2V7H6v12zM8 9h8v10H8V9zm7.5-5-1-1h-5l-1 1H5v2h14V4z"
                      />
                    </svg>
                  </span>
                  Rensa alla
                </button>
              </div>
            </div>
          </div>
        </div>
      </div>
    </div>
  </body>,
  "container": <div>
    <div
      class="lg:relative"
      data-headlessui-state="open"
    >
      <div
        class="lg:relative mr-sm sm:mr-md"
      >
        <button
          aria-controls="headlessui-popover-panel-:r2:"
          aria-expanded="true"
          aria-label="Det finns 4 nya händelser"
          data-headlessui-state="open"
          id="headlessui-popover-button-:r0:"
          type="button"
        >
          <div
            class="relative cursor-pointer text-xl lg:text-2xl"
          >
            <svg
              aria-hidden="true"
              class="MuiSvgIcon-root MuiSvgIcon-fontSizeMedium material-icon css-i4bv87-MuiSvgIcon-root"
              data-testid="NotificationsActiveOutlinedIcon"
              focusable="false"
              viewBox="0 0 24 24"
            >
              <path
                d="M12 22c1.1 0 2-.9 2-2h-4c0 1.1.9 2 2 2zm6-6v-5c0-3.07-1.63-5.64-4.5-6.32V4c0-.83-.67-1.5-1.5-1.5s-1.5.67-1.5 1.5v.68C7.64 5.36 6 7.92 6 11v5l-2 2v1h16v-1l-2-2zm-2 1H8v-6c0-2.48 1.51-4.5 4-4.5s4 2.02 4 4.5v6zM7.58 4.08 6.15 2.65C3.75 4.48 2.17 7.3 2.03 10.5h2c.15-2.65 1.51-4.97 3.55-6.42zm12.39 6.42h2c-.15-3.2-1.73-6.02-4.12-7.85l-1.42 1.43c2.02 1.45 3.39 3.77 3.54 6.42z"
              />
            </svg>
            <div
              class="absolute text-white text-xs font-bold flex items-center justify-center w-[24px] h-[24px] bg-red rounded-full -top-2 -right-5 border-2 border-white box-content"
            >
              <span
                class="ml-[1px]"
              >
                4
              </span>
            </div>
          </div>
        </button>
      </div>
      <div
        class="absolute z-10 right-0 left-0 lg:left-auto"
        data-headlessui-state="open"
        id="headlessui-popover-panel-:r2:"
        tabindex="-1"
      >
        <div
          class="block lg:hidden w-screen absolute top-9 min-h-80 z-10"
        >
          <div
            class="bg-gray-100 lg:bg-white rounded-md lg:border border-gray-400 shadow-lg p-md pb-xl lg:pb-md flex flex-col"
          >
            <div
              class="flex justify-between mt-sm"
            >
              <h4
                class="text-lg"
              >
                Notifikationer
              </h4>
              <a
                class="link lg:hidden"
              >
                Rensa alla
              </a>
            </div>
            <button
              class=" mt-md p-sm min-h-28 bg-white border-l-4 align-middle text-left shadow-md border-info"
              tabindex="0"
            >
              <div
                class="flex justify-between"
              >
                <div
                  class="text-lg font-bold whitespace-nowrap mr-md"
                >
                  <svg
                    aria-hidden="true"
                    class="MuiSvgIcon-root MuiSvgIcon-fontSizeLarge w-10 h-10 mb-2 text-xl text-info css-tzssek-MuiSvgIcon-root"
                    data-testid="ErrorIcon"
                    focusable="false"
                    viewBox="0 0 24 24"
                  >
                    <path
                      d="M12 2C6.48 2 2 6.48 2 12s4.48 10 10 10 10-4.48 10-10S17.52 2 12 2zm1 15h-2v-2h2v2zm0-4h-2V7h2v6z"
                    />
                  </svg>
                   
                  Kompletterad
                  :
                   
                  <span
                    class="hidden lg:inline"
                  >
                    caseTypeOngoingA
                     
                    idOngoingA
                  </span>
                </div>
              </div>
              <div
                class="lg:hidden"
              >
                caseTypeOngoingA
                 
                idOngoingA
              </div>
              <div>
                Invalid Date klockan Invalid Date
              </div>
              <span
                class="sr-only"
              >
                Gå till ärende
              </span>
            </button>
            <button
              class=" mt-md p-sm min-h-28 bg-white border-l-4 align-middle text-left shadow-md border-info"
              tabindex="0"
            >
              <div
                class="flex justify-between"
              >
                <div
                  class="text-lg font-bold whitespace-nowrap mr-md"
                >
                  <svg
                    aria-hidden="true"
                    class="MuiSvgIcon-root MuiSvgIcon-fontSizeLarge w-10 h-10 mb-2 text-xl text-info css-tzssek-MuiSvgIcon-root"
                    data-testid="ErrorIcon"
                    focusable="false"
                    viewBox="0 0 24 24"
                  >
                    <path
                      d="M12 2C6.48 2 2 6.48 2 12s4.48 10 10 10 10-4.48 10-10S17.52 2 12 2zm1 15h-2v-2h2v2zm0-4h-2V7h2v6z"
                    />
                  </svg>
                   
                  Kompletterad
                  :
                   
                  <span
                    class="hidden lg:inline"
                  >
                    caseTypeOngoingB
                     
                    idOngoingB
                  </span>
                </div>
              </div>
              <div
                class="lg:hidden"
              >
                caseTypeOngoingB
                 
                idOngoingB
              </div>
              <div>
                Invalid Date klockan Invalid Date
              </div>
              <span
                class="sr-only"
              >
                Gå till ärende
              </span>
            </button>
            <button
              class=" mt-md p-sm min-h-28 bg-white border-l-4 align-middle text-left shadow-md border-neutral-300"
              tabindex="0"
            >
              <div
                class="flex justify-between"
              >
                <div
                  class="text-lg font-bold whitespace-nowrap mr-md"
                >
                  <svg
                    aria-hidden="true"
                    class="MuiSvgIcon-root MuiSvgIcon-fontSizeLarge w-10 h-10 mb-2 text-xl text-neutral-300 css-tzssek-MuiSvgIcon-root"
                    data-testid="ErrorIcon"
                    focusable="false"
                    viewBox="0 0 24 24"
                  >
                    <path
                      d="M12 2C6.48 2 2 6.48 2 12s4.48 10 10 10 10-4.48 10-10S17.52 2 12 2zm1 15h-2v-2h2v2zm0-4h-2V7h2v6z"
                    />
                  </svg>
                   
                  Ärendet arkiveras
                  :
                   
                  <span
                    class="hidden lg:inline"
                  >
                    caseTypeClosedA
                     
                    idClosedA
                  </span>
                </div>
              </div>
              <div
                class="lg:hidden"
              >
                caseTypeClosedA
                 
                idClosedA
              </div>
              <div>
                Invalid Date klockan Invalid Date
              </div>
              <span
                class="sr-only"
              >
                Gå till ärende
              </span>
            </button>
            <button
              class=" mt-md p-sm min-h-28 bg-white border-l-4 align-middle text-left shadow-md border-neutral-300"
              tabindex="0"
            >
              <div
                class="flex justify-between"
              >
                <div
                  class="text-lg font-bold whitespace-nowrap mr-md"
                >
                  <svg
                    aria-hidden="true"
                    class="MuiSvgIcon-root MuiSvgIcon-fontSizeLarge w-10 h-10 mb-2 text-xl text-neutral-300 css-tzssek-MuiSvgIcon-root"
                    data-testid="ErrorIcon"
                    focusable="false"
                    viewBox="0 0 24 24"
                  >
                    <path
                      d="M12 2C6.48 2 2 6.48 2 12s4.48 10 10 10 10-4.48 10-10S17.52 2 12 2zm1 15h-2v-2h2v2zm0-4h-2V7h2v6z"
                    />
                  </svg>
                   
                  Ärendet arkiveras
                  :
                   
                  <span
                    class="hidden lg:inline"
                  >
                    caseTypeClosedB
                     
                    idClosedB
                  </span>
                </div>
              </div>
              <div
                class="lg:hidden"
              >
                caseTypeClosedB
                 
                idClosedB
              </div>
              <div>
                Invalid Date klockan Invalid Date
              </div>
              <span
                class="sr-only"
              >
                Gå till ärende
              </span>
            </button>
            <div
              class="w-full flex justify-between mt-md"
            >
              <button
                class="btn btn-lg btn-solid hidden lg:flex"
                data-color="primary"
                type="submit"
              >
                <span
                  class="btn-has-icon-left"
                >
                  <svg
                    aria-hidden="true"
                    class="MuiSvgIcon-root MuiSvgIcon-fontSizeLarge mr-sm css-tzssek-MuiSvgIcon-root"
                    data-testid="DeleteOutlineIcon"
                    focusable="false"
                    viewBox="0 0 24 24"
                  >
                    <path
                      d="M6 19c0 1.1.9 2 2 2h8c1.1 0 2-.9 2-2V7H6v12zM8 9h8v10H8V9zm7.5-5-1-1h-5l-1 1H5v2h14V4z"
                    />
                  </svg>
                </span>
                Rensa alla
              </button>
            </div>
          </div>
        </div>
        <div
          class="hidden lg:block absolute top-10 -right-14 min-w-[50rem] w-min min-h-80"
        >
          <div
            class="bg-gray-100 lg:bg-white rounded-md lg:border border-gray-400 shadow-lg p-md pb-xl lg:pb-md flex flex-col"
          >
            <div
              class="flex justify-between mt-sm"
            >
              <h4
                class="text-lg"
              >
                Notifikationer
              </h4>
              <a
                class="link lg:hidden"
              >
                Rensa alla
              </a>
            </div>
            <button
              class=" mt-md p-sm min-h-28 bg-white border-l-4 align-middle text-left shadow-md border-info"
              tabindex="0"
            >
              <div
                class="flex justify-between"
              >
                <div
                  class="text-lg font-bold whitespace-nowrap mr-md"
                >
                  <svg
                    aria-hidden="true"
                    class="MuiSvgIcon-root MuiSvgIcon-fontSizeLarge w-10 h-10 mb-2 text-xl text-info css-tzssek-MuiSvgIcon-root"
                    data-testid="ErrorIcon"
                    focusable="false"
                    viewBox="0 0 24 24"
                  >
                    <path
                      d="M12 2C6.48 2 2 6.48 2 12s4.48 10 10 10 10-4.48 10-10S17.52 2 12 2zm1 15h-2v-2h2v2zm0-4h-2V7h2v6z"
                    />
                  </svg>
                   
                  Kompletterad
                  :
                   
                  <span
                    class="hidden lg:inline"
                  >
                    caseTypeOngoingA
                     
                    idOngoingA
                  </span>
                </div>
              </div>
              <div
                class="lg:hidden"
              >
                caseTypeOngoingA
                 
                idOngoingA
              </div>
              <div>
                Invalid Date klockan Invalid Date
              </div>
              <span
                class="sr-only"
              >
                Gå till ärende
              </span>
            </button>
            <button
              class=" mt-md p-sm min-h-28 bg-white border-l-4 align-middle text-left shadow-md border-info"
              tabindex="0"
            >
              <div
                class="flex justify-between"
              >
                <div
                  class="text-lg font-bold whitespace-nowrap mr-md"
                >
                  <svg
                    aria-hidden="true"
                    class="MuiSvgIcon-root MuiSvgIcon-fontSizeLarge w-10 h-10 mb-2 text-xl text-info css-tzssek-MuiSvgIcon-root"
                    data-testid="ErrorIcon"
                    focusable="false"
                    viewBox="0 0 24 24"
                  >
                    <path
                      d="M12 2C6.48 2 2 6.48 2 12s4.48 10 10 10 10-4.48 10-10S17.52 2 12 2zm1 15h-2v-2h2v2zm0-4h-2V7h2v6z"
                    />
                  </svg>
                   
                  Kompletterad
                  :
                   
                  <span
                    class="hidden lg:inline"
                  >
                    caseTypeOngoingB
                     
                    idOngoingB
                  </span>
                </div>
              </div>
              <div
                class="lg:hidden"
              >
                caseTypeOngoingB
                 
                idOngoingB
              </div>
              <div>
                Invalid Date klockan Invalid Date
              </div>
              <span
                class="sr-only"
              >
                Gå till ärende
              </span>
            </button>
            <button
              class=" mt-md p-sm min-h-28 bg-white border-l-4 align-middle text-left shadow-md border-neutral-300"
              tabindex="0"
            >
              <div
                class="flex justify-between"
              >
                <div
                  class="text-lg font-bold whitespace-nowrap mr-md"
                >
                  <svg
                    aria-hidden="true"
                    class="MuiSvgIcon-root MuiSvgIcon-fontSizeLarge w-10 h-10 mb-2 text-xl text-neutral-300 css-tzssek-MuiSvgIcon-root"
                    data-testid="ErrorIcon"
                    focusable="false"
                    viewBox="0 0 24 24"
                  >
                    <path
                      d="M12 2C6.48 2 2 6.48 2 12s4.48 10 10 10 10-4.48 10-10S17.52 2 12 2zm1 15h-2v-2h2v2zm0-4h-2V7h2v6z"
                    />
                  </svg>
                   
                  Ärendet arkiveras
                  :
                   
                  <span
                    class="hidden lg:inline"
                  >
                    caseTypeClosedA
                     
                    idClosedA
                  </span>
                </div>
              </div>
              <div
                class="lg:hidden"
              >
                caseTypeClosedA
                 
                idClosedA
              </div>
              <div>
                Invalid Date klockan Invalid Date
              </div>
              <span
                class="sr-only"
              >
                Gå till ärende
              </span>
            </button>
            <button
              class=" mt-md p-sm min-h-28 bg-white border-l-4 align-middle text-left shadow-md border-neutral-300"
              tabindex="0"
            >
              <div
                class="flex justify-between"
              >
                <div
                  class="text-lg font-bold whitespace-nowrap mr-md"
                >
                  <svg
                    aria-hidden="true"
                    class="MuiSvgIcon-root MuiSvgIcon-fontSizeLarge w-10 h-10 mb-2 text-xl text-neutral-300 css-tzssek-MuiSvgIcon-root"
                    data-testid="ErrorIcon"
                    focusable="false"
                    viewBox="0 0 24 24"
                  >
                    <path
                      d="M12 2C6.48 2 2 6.48 2 12s4.48 10 10 10 10-4.48 10-10S17.52 2 12 2zm1 15h-2v-2h2v2zm0-4h-2V7h2v6z"
                    />
                  </svg>
                   
                  Ärendet arkiveras
                  :
                   
                  <span
                    class="hidden lg:inline"
                  >
                    caseTypeClosedB
                     
                    idClosedB
                  </span>
                </div>
              </div>
              <div
                class="lg:hidden"
              >
                caseTypeClosedB
                 
                idClosedB
              </div>
              <div>
                Invalid Date klockan Invalid Date
              </div>
              <span
                class="sr-only"
              >
                Gå till ärende
              </span>
            </button>
            <div
              class="w-full flex justify-between mt-md"
            >
              <button
                class="btn btn-lg btn-solid hidden lg:flex"
                data-color="primary"
                type="submit"
              >
                <span
                  class="btn-has-icon-left"
                >
                  <svg
                    aria-hidden="true"
                    class="MuiSvgIcon-root MuiSvgIcon-fontSizeLarge mr-sm css-tzssek-MuiSvgIcon-root"
                    data-testid="DeleteOutlineIcon"
                    focusable="false"
                    viewBox="0 0 24 24"
                  >
                    <path
                      d="M6 19c0 1.1.9 2 2 2h8c1.1 0 2-.9 2-2V7H6v12zM8 9h8v10H8V9zm7.5-5-1-1h-5l-1 1H5v2h14V4z"
                    />
                  </svg>
                </span>
                Rensa alla
              </button>
            </div>
          </div>
        </div>
      </div>
    </div>
  </div>,
  "debug": [Function],
  "findAllByAltText": [Function],
  "findAllByDisplayValue": [Function],
  "findAllByLabelText": [Function],
  "findAllByPlaceholderText": [Function],
  "findAllByRole": [Function],
  "findAllByTestId": [Function],
  "findAllByText": [Function],
  "findAllByTitle": [Function],
  "findByAltText": [Function],
  "findByDisplayValue": [Function],
  "findByLabelText": [Function],
  "findByPlaceholderText": [Function],
  "findByRole": [Function],
  "findByTestId": [Function],
  "findByText": [Function],
  "findByTitle": [Function],
  "getAllByAltText": [Function],
  "getAllByDisplayValue": [Function],
  "getAllByLabelText": [Function],
  "getAllByPlaceholderText": [Function],
  "getAllByRole": [Function],
  "getAllByTestId": [Function],
  "getAllByText": [Function],
  "getAllByTitle": [Function],
  "getByAltText": [Function],
  "getByDisplayValue": [Function],
  "getByLabelText": [Function],
  "getByPlaceholderText": [Function],
  "getByRole": [Function],
  "getByTestId": [Function],
  "getByText": [Function],
  "getByTitle": [Function],
  "queryAllByAltText": [Function],
  "queryAllByDisplayValue": [Function],
  "queryAllByLabelText": [Function],
  "queryAllByPlaceholderText": [Function],
  "queryAllByRole": [Function],
  "queryAllByTestId": [Function],
  "queryAllByText": [Function],
  "queryAllByTitle": [Function],
  "queryByAltText": [Function],
  "queryByDisplayValue": [Function],
  "queryByLabelText": [Function],
  "queryByPlaceholderText": [Function],
  "queryByRole": [Function],
  "queryByTestId": [Function],
  "queryByText": [Function],
  "queryByTitle": [Function],
  "rerender": [Function],
  "unmount": [Function],
}
`;
