// Jest Snapshot v1, https://goo.gl/fbAQLP

exports[`OngoingCases renders OngoingCases with open disclosure unchanged 1`] = `
{
  "asFragment": [Function],
  "baseElement": <body>
    <div
      class="Toaster"
      id="react-toast"
    />
    <div>
      <div>
        <div
          class="caseswrapper bg-white shadow-md my-lg py-lg rounded-lg"
          data-headlessui-state="open"
        >
          <div
            class="px-md md:px-lg"
          >
            <button
              aria-controls="headlessui-disclosure-panel-:r1:"
              aria-expanded="true"
              class="w-full flex justify-between border-b border-gray-stroke pb-sm mb-md"
              data-headlessui-state="open"
              id="headlessui-disclosure-button-:r0:"
              type="button"
            >
              <div
                class="flex items-center"
              >
                <h2
                  class="text-lg md:text-xl inline-block"
                >
                  <span>
                    Pågående ärenden (
                    2
                    )
                  </span>
                </h2>
              </div>
              <div>
                <svg
                  aria-hidden="true"
                  class="MuiSvgIcon-root MuiSvgIcon-fontSizeLarge transform -rotate-90 css-tzssek-MuiSvgIcon-root"
                  data-testid="ChevronRightIcon"
                  focusable="false"
                  viewBox="0 0 24 24"
                >
                  <path
                    d="M10 6 8.59 7.41 13.17 12l-4.58 4.59L10 18l6-6z"
                  />
                </svg>
              </div>
            </button>
          </div>
          <div
            data-headlessui-state="open"
            id="headlessui-disclosure-panel-:r1:"
          >
            <div
              class="mx-md md:mx-lg mb-md md:mb-lg lg:hidden"
            >
              <fieldset>
                <legend
                  class="text-sm font-bold"
                >
                  Sortera efter
                </legend>
                <div
                  class=" form-select-wrapper "
                >
                  <button
                    aria-disabled="false"
                    aria-expanded="false"
                    aria-haspopup="listbox"
                    aria-label="Sortera efter"
                    class="form-field form-field-md form-field-outline form-select mt-2"
                    data-color="primary"
                    data-headlessui-state=""
                    id="headlessui-listbox-button-:r2:"
                    type="button"
                  >
                    <span>
                      Ärende
                    </span>
                    <div
                      class="form-select-icon "
                    >
                      <svg
                        aria-hidden="true"
                        class="MuiSvgIcon-root MuiSvgIcon-fontSizeMedium !text-2xl css-i4bv87-MuiSvgIcon-root"
                        data-testid="ArrowDropDownIcon"
                        focusable="false"
                        viewBox="0 0 24 24"
                      >
                        <path
                          d="m7 10 5 5 5-5z"
                        />
                      </svg>
                    </div>
                  </button>
                </div>
              </fieldset>
            </div>
            <table
              aria-label="2 rader på 1 sidor"
              class="zebratable"
            >
              <thead
                class="zebratable-thead"
              >
                <tr
                  class="zebratable-thead-tr"
                >
                  <th
                    aria-sort="none"
                    class="zebratable-thead-th"
                    data-iscolumnsortable="true"
                    scope="col"
                  >
                    <span
                      class="sr-only"
                    >
                      Ärende
                    </span>
                    <button
                      aria-label="Sortera efter Ärende i stigande ordning"
                      class="zebratable-sortbutton"
                    >
                      <span
                        class="font-bold"
                      >
                        Ärende
                      </span>
                      <div
                        class="zebratable-sortbutton-icon"
                      >
                        <svg
                          aria-hidden="true"
                          class="MuiSvgIcon-root MuiSvgIcon-fontSizeMedium zebratable-sortbutton-icon-more css-i4bv87-MuiSvgIcon-root"
                          data-testid="UnfoldMoreOutlinedIcon"
                          focusable="false"
                          viewBox="0 0 24 24"
                        >
                          <path
                            d="M12 5.83 15.17 9l1.41-1.41L12 3 7.41 7.59 8.83 9 12 5.83zm0 12.34L8.83 15l-1.41 1.41L12 21l4.59-4.59L15.17 15 12 18.17z"
                          />
                        </svg>
                      </div>
                    </button>
                  </th>
                  <th
                    aria-sort="descending"
                    class="zebratable-thead-th"
                    data-iscolumnsortable="true"
                    scope="col"
                  >
                    <span
                      class="sr-only"
                    >
                      Senast ändrat
                    </span>
                    <button
                      aria-label="Sortera efter Senast ändrat i stigande ordning"
                      class="zebratable-sortbutton"
                    >
                      <span
                        class="font-bold"
                      >
                        Senast ändrat
                      </span>
                      <div
                        class="zebratable-sortbutton-icon"
                      >
                        <svg
                          aria-hidden="true"
                          class="MuiSvgIcon-root MuiSvgIcon-fontSizeMedium zebratable-sortbutton-icon-sort css-i4bv87-MuiSvgIcon-root"
                          data-sortmodeascending="false"
                          data-testid="ChevronRightOutlinedIcon"
                          focusable="false"
                          viewBox="0 0 24 24"
                        >
                          <path
                            d="M10 6 8.59 7.41 13.17 12l-4.58 4.59L10 18l6-6-6-6z"
                          />
                        </svg>
                      </div>
                    </button>
                  </th>
                  <th
                    aria-sort="none"
                    class="zebratable-thead-th"
                    data-iscolumnsortable="true"
                    scope="col"
                  >
                    <span
                      class="sr-only"
                    >
                      Status
                    </span>
                    <button
                      aria-label="Sortera efter Status i stigande ordning"
                      class="zebratable-sortbutton"
                    >
                      <span
                        class="font-bold"
                      >
                        Status
                      </span>
                      <div
                        class="zebratable-sortbutton-icon"
                      >
                        <svg
                          aria-hidden="true"
                          class="MuiSvgIcon-root MuiSvgIcon-fontSizeMedium zebratable-sortbutton-icon-more css-i4bv87-MuiSvgIcon-root"
                          data-testid="UnfoldMoreOutlinedIcon"
                          focusable="false"
                          viewBox="0 0 24 24"
                        >
                          <path
                            d="M12 5.83 15.17 9l1.41-1.41L12 3 7.41 7.59 8.83 9 12 5.83zm0 12.34L8.83 15l-1.41 1.41L12 21l4.59-4.59L15.17 15 12 18.17z"
                          />
                        </svg>
                      </div>
                    </button>
                  </th>
                  <th
                    aria-sort="none"
                    class="zebratable-thead-th"
                    data-iscolumnsortable="false"
                    scope="col"
                  >
                    <span
                      class=""
                    >
                      Skapa egen påminnelse
                    </span>
                  </th>
                  <th
                    aria-sort="none"
                    class="zebratable-thead-th"
                    data-iscolumnsortable="false"
                    scope="col"
                  >
                    <span
                      class="sr-only"
                    >
                      Ärendeknapp
                    </span>
                  </th>
                </tr>
              </thead>
              <tbody
                class="zebratable-tbody"
              >
                <tr
                  class="zebratable-tbody-tr "
                >
                  <td
                    class="zebratable-tbody-td"
                  >
                    <div>
                      <strong
                        class="block lg:w-[30rem] xl:w-[44rem]"
                      >
                        caseTypeOngoingB
                      </strong>
                    </div>
                    <div>
                      <small>
                        <span
                          class="pr-md"
                        >
                          idOngoingB
                        </span>
                      </small>
                    </div>
                  </td>
                  <td
                    class="zebratable-tbody-td"
                  >
                    <span
                      class="inline lg:hidden"
                    >
                      Senast ändrat: 
                    </span>
                    <span
                      class="block xl:w-[14rem]"
                    >
                      lastStatusChangeOngoingB
                    </span>
                  </td>
                  <td
                    class="zebratable-tbody-td"
                  >
                    <span
                      class="inline lg:hidden"
                    >
                      Status: 
                    </span>
                    <span
                      class="flex items-center xl:w-[20rem]"
                    >
                      <span
                        class="badge-fullrounded
      false
      false
      false

      false
      false
      false

      false
      false
      false

      
         
      badge badge-sm badge-solid w-[14px] max-h-[14px] h-[14px] bg-info mr-2"
                      />
                      Kompletterad
                    </span>
                  </td>
                  <td
                    class="zebratable-tbody-td"
                  >
                    <span
                      class="inline lg:hidden"
                    >
                      Skapa egen påminnelse: 
                    </span>
                    <span>
                      <div
                        class="mt-4 lg:mt-0 relative"
                      >
                        <button
                          aria-label="Skapa egen påminnelse"
                          class="btn btn-md btn-solid w-full lg:w-auto px-md"
                        >
                          <span
                            class="btn-has-icon-left"
                          >
                            <svg
                              aria-hidden="true"
                              class="MuiSvgIcon-root material-icon mr-sm"
                              data-testid="EditCalendarOutlinedIcon"
                              focusable="false"
                              viewBox="0 0 24 24"
                            >
                              <path
                                d="M2 8H16V10H18V4C18 2.9 17.1 2 16 2H15V0H13V2H5V0H3V2H2C0.89 2 0.00999999 2.9 0.00999999 4L0 18C0 19.1 0.89 20 2 20H9V18H2V8ZM2 4H16V6H2V4ZM19.84 14.28L19.13 14.99L17.01 12.87L17.72 12.16C18.11 11.77 18.74 11.77 19.13 12.16L19.84 12.87C20.23 13.26 20.23 13.89 19.84 14.28ZM16.3 13.58L18.42 15.7L13.12 21H11V18.88L16.3 13.58Z"
                              />
                            </svg>
                          </span>
                          Skapa egen påminnelse
                        </button>
                      </div>
                    </span>
                  </td>
                  <td
                    class="zebratable-tbody-td"
                  >
                    <button
                      aria-label="Hämta PDF för ärende idOngoingB"
                      class="btn btn-md btn-solid w-full lg:w-auto px-md"
                      data-color="primary"
                    >
                      Hämta PDF 
                      <svg
                        aria-hidden="true"
                        class="MuiSvgIcon-root MuiSvgIcon-fontSizeMedium material-icon ml-sm css-i4bv87-MuiSvgIcon-root"
                        data-testid="FileDownloadOutlinedIcon"
                        focusable="false"
                        viewBox="0 0 24 24"
                      >
                        <path
                          d="M18 15v3H6v-3H4v3c0 1.1.9 2 2 2h12c1.1 0 2-.9 2-2v-3h-2zm-1-4-1.41-1.41L13 12.17V4h-2v8.17L8.41 9.59 7 11l5 5 5-5z"
                        />
                      </svg>
                    </button>
                  </td>
                </tr>
                <tr
                  class="zebratable-tbody-tr "
                >
                  <td
                    class="zebratable-tbody-td"
                  >
                    <div>
                      <strong
                        class="block lg:w-[30rem] xl:w-[44rem]"
                      >
                        caseTypeOngoingA
                      </strong>
                    </div>
                    <div>
                      <small>
                        <span
                          class="pr-md"
                        >
                          idOngoingA
                        </span>
                      </small>
                    </div>
                  </td>
                  <td
                    class="zebratable-tbody-td"
                  >
                    <span
                      class="inline lg:hidden"
                    >
                      Senast ändrat: 
                    </span>
                    <span
                      class="block xl:w-[14rem]"
                    >
                      lastStatusChangeOngoingA
                    </span>
                  </td>
                  <td
                    class="zebratable-tbody-td"
                  >
                    <span
                      class="inline lg:hidden"
                    >
                      Status: 
                    </span>
                    <span
                      class="flex items-center xl:w-[20rem]"
                    >
                      <span
                        class="badge-fullrounded
      false
      false
      false

      false
      false
      false

      false
      false
      false

      
         
      badge badge-sm badge-solid w-[14px] max-h-[14px] h-[14px] bg-info mr-2"
                      />
                      Kompletterad
                    </span>
                  </td>
                  <td
                    class="zebratable-tbody-td"
                  >
                    <span
                      class="inline lg:hidden"
                    >
                      Skapa egen påminnelse: 
                    </span>
                    <span>
                      <div
                        class="mt-4 lg:mt-0 relative"
                      >
                        <button
                          aria-label="Skapa egen påminnelse"
                          class="btn btn-md btn-solid w-full lg:w-auto px-md"
                        >
                          <span
                            class="btn-has-icon-left"
                          >
                            <svg
                              aria-hidden="true"
                              class="MuiSvgIcon-root material-icon mr-sm"
                              data-testid="EditCalendarOutlinedIcon"
                              focusable="false"
                              viewBox="0 0 24 24"
                            >
                              <path
                                d="M2 8H16V10H18V4C18 2.9 17.1 2 16 2H15V0H13V2H5V0H3V2H2C0.89 2 0.00999999 2.9 0.00999999 4L0 18C0 19.1 0.89 20 2 20H9V18H2V8ZM2 4H16V6H2V4ZM19.84 14.28L19.13 14.99L17.01 12.87L17.72 12.16C18.11 11.77 18.74 11.77 19.13 12.16L19.84 12.87C20.23 13.26 20.23 13.89 19.84 14.28ZM16.3 13.58L18.42 15.7L13.12 21H11V18.88L16.3 13.58Z"
                              />
                            </svg>
                          </span>
                          Skapa egen påminnelse
                        </button>
                      </div>
                    </span>
                  </td>
                  <td
                    class="zebratable-tbody-td"
                  >
                    <button
                      aria-label="Hämta PDF för ärende idOngoingA"
                      class="btn btn-md btn-solid w-full lg:w-auto px-md"
                      data-color="primary"
                    >
                      Hämta PDF 
                      <svg
                        aria-hidden="true"
                        class="MuiSvgIcon-root MuiSvgIcon-fontSizeMedium material-icon ml-sm css-i4bv87-MuiSvgIcon-root"
                        data-testid="FileDownloadOutlinedIcon"
                        focusable="false"
                        viewBox="0 0 24 24"
                      >
                        <path
                          d="M18 15v3H6v-3H4v3c0 1.1.9 2 2 2h12c1.1 0 2-.9 2-2v-3h-2zm-1-4-1.41-1.41L13 12.17V4h-2v8.17L8.41 9.59 7 11l5 5 5-5z"
                        />
                      </svg>
                    </button>
                  </td>
                </tr>
              </tbody>
            </table>
            <div
              class="zebratable-bottomwrapper"
            >
              <div
                class="mx-sm align-text-bottom relative hidden lg:flex undefined"
                data-headlessui-state=""
              >
                <button
                  aria-expanded="false"
                  aria-label="Hjälptext"
                  class="flex items-center"
                  data-headlessui-state=""
                  id="headlessui-popover-button-:r3:"
                  type="button"
                >
                  <strong
                    class="mr-2"
                  >
                    Hjälp
                  </strong>
                  <svg
                    aria-hidden="true"
                    class="MuiSvgIcon-root MuiSvgIcon-fontSizeMedium css-1lrr7yx-MuiSvgIcon-root"
                    data-testid="HelpOutlineIcon"
                    focusable="false"
                    viewBox="0 0 24 24"
                  >
                    <path
                      d="M11 18h2v-2h-2v2zm1-16C6.48 2 2 6.48 2 12s4.48 10 10 10 10-4.48 10-10S17.52 2 12 2zm0 18c-4.41 0-8-3.59-8-8s3.59-8 8-8 8 3.59 8 8-3.59 8-8 8zm0-14c-2.21 0-4 1.79-4 4h2c0-1.1.9-2 2-2s2 .9 2 2c0 2-3 1.75-3 5h2c0-2.25 3-2.5 3-5 0-2.21-1.79-4-4-4z"
                    />
                  </svg>
                </button>
              </div>
            </div>
          </div>
        </div>
      </div>
    </div>
  </body>,
  "container": <div>
    <div>
      <div
        class="caseswrapper bg-white shadow-md my-lg py-lg rounded-lg"
        data-headlessui-state="open"
      >
        <div
          class="px-md md:px-lg"
        >
          <button
            aria-controls="headlessui-disclosure-panel-:r1:"
            aria-expanded="true"
            class="w-full flex justify-between border-b border-gray-stroke pb-sm mb-md"
            data-headlessui-state="open"
            id="headlessui-disclosure-button-:r0:"
            type="button"
          >
            <div
              class="flex items-center"
            >
              <h2
                class="text-lg md:text-xl inline-block"
              >
                <span>
                  Pågående ärenden (
                  2
                  )
                </span>
              </h2>
            </div>
            <div>
              <svg
                aria-hidden="true"
                class="MuiSvgIcon-root MuiSvgIcon-fontSizeLarge transform -rotate-90 css-tzssek-MuiSvgIcon-root"
                data-testid="ChevronRightIcon"
                focusable="false"
                viewBox="0 0 24 24"
              >
                <path
                  d="M10 6 8.59 7.41 13.17 12l-4.58 4.59L10 18l6-6z"
                />
              </svg>
            </div>
          </button>
        </div>
        <div
          data-headlessui-state="open"
          id="headlessui-disclosure-panel-:r1:"
        >
          <div
            class="mx-md md:mx-lg mb-md md:mb-lg lg:hidden"
          >
            <fieldset>
              <legend
                class="text-sm font-bold"
              >
                Sortera efter
              </legend>
              <div
                class=" form-select-wrapper "
              >
                <button
                  aria-disabled="false"
                  aria-expanded="false"
                  aria-haspopup="listbox"
                  aria-label="Sortera efter"
                  class="form-field form-field-md form-field-outline form-select mt-2"
                  data-color="primary"
                  data-headlessui-state=""
                  id="headlessui-listbox-button-:r2:"
                  type="button"
                >
                  <span>
                    Ärende
                  </span>
                  <div
                    class="form-select-icon "
                  >
                    <svg
                      aria-hidden="true"
                      class="MuiSvgIcon-root MuiSvgIcon-fontSizeMedium !text-2xl css-i4bv87-MuiSvgIcon-root"
                      data-testid="ArrowDropDownIcon"
                      focusable="false"
                      viewBox="0 0 24 24"
                    >
                      <path
                        d="m7 10 5 5 5-5z"
                      />
                    </svg>
                  </div>
                </button>
              </div>
            </fieldset>
          </div>
          <table
            aria-label="2 rader på 1 sidor"
            class="zebratable"
          >
            <thead
              class="zebratable-thead"
            >
              <tr
                class="zebratable-thead-tr"
              >
                <th
                  aria-sort="none"
                  class="zebratable-thead-th"
                  data-iscolumnsortable="true"
                  scope="col"
                >
                  <span
                    class="sr-only"
                  >
                    Ärende
                  </span>
                  <button
                    aria-label="Sortera efter Ärende i stigande ordning"
                    class="zebratable-sortbutton"
                  >
                    <span
                      class="font-bold"
                    >
                      Ärende
                    </span>
                    <div
                      class="zebratable-sortbutton-icon"
                    >
                      <svg
                        aria-hidden="true"
                        class="MuiSvgIcon-root MuiSvgIcon-fontSizeMedium zebratable-sortbutton-icon-more css-i4bv87-MuiSvgIcon-root"
                        data-testid="UnfoldMoreOutlinedIcon"
                        focusable="false"
                        viewBox="0 0 24 24"
                      >
                        <path
                          d="M12 5.83 15.17 9l1.41-1.41L12 3 7.41 7.59 8.83 9 12 5.83zm0 12.34L8.83 15l-1.41 1.41L12 21l4.59-4.59L15.17 15 12 18.17z"
                        />
                      </svg>
                    </div>
                  </button>
                </th>
                <th
                  aria-sort="descending"
                  class="zebratable-thead-th"
                  data-iscolumnsortable="true"
                  scope="col"
                >
                  <span
                    class="sr-only"
                  >
                    Senast ändrat
                  </span>
                  <button
                    aria-label="Sortera efter Senast ändrat i stigande ordning"
                    class="zebratable-sortbutton"
                  >
                    <span
                      class="font-bold"
                    >
                      Senast ändrat
                    </span>
                    <div
                      class="zebratable-sortbutton-icon"
                    >
                      <svg
                        aria-hidden="true"
                        class="MuiSvgIcon-root MuiSvgIcon-fontSizeMedium zebratable-sortbutton-icon-sort css-i4bv87-MuiSvgIcon-root"
                        data-sortmodeascending="false"
                        data-testid="ChevronRightOutlinedIcon"
                        focusable="false"
                        viewBox="0 0 24 24"
                      >
                        <path
                          d="M10 6 8.59 7.41 13.17 12l-4.58 4.59L10 18l6-6-6-6z"
                        />
                      </svg>
                    </div>
                  </button>
                </th>
                <th
                  aria-sort="none"
                  class="zebratable-thead-th"
                  data-iscolumnsortable="true"
                  scope="col"
                >
                  <span
                    class="sr-only"
                  >
                    Status
                  </span>
                  <button
                    aria-label="Sortera efter Status i stigande ordning"
                    class="zebratable-sortbutton"
                  >
                    <span
                      class="font-bold"
                    >
                      Status
                    </span>
                    <div
                      class="zebratable-sortbutton-icon"
                    >
                      <svg
                        aria-hidden="true"
                        class="MuiSvgIcon-root MuiSvgIcon-fontSizeMedium zebratable-sortbutton-icon-more css-i4bv87-MuiSvgIcon-root"
                        data-testid="UnfoldMoreOutlinedIcon"
                        focusable="false"
                        viewBox="0 0 24 24"
                      >
                        <path
                          d="M12 5.83 15.17 9l1.41-1.41L12 3 7.41 7.59 8.83 9 12 5.83zm0 12.34L8.83 15l-1.41 1.41L12 21l4.59-4.59L15.17 15 12 18.17z"
                        />
                      </svg>
                    </div>
                  </button>
                </th>
                <th
                  aria-sort="none"
                  class="zebratable-thead-th"
                  data-iscolumnsortable="false"
                  scope="col"
                >
                  <span
                    class=""
                  >
                    Skapa egen påminnelse
                  </span>
                </th>
                <th
                  aria-sort="none"
                  class="zebratable-thead-th"
                  data-iscolumnsortable="false"
                  scope="col"
                >
                  <span
                    class="sr-only"
                  >
                    Ärendeknapp
                  </span>
                </th>
              </tr>
            </thead>
            <tbody
              class="zebratable-tbody"
            >
              <tr
                class="zebratable-tbody-tr "
              >
                <td
                  class="zebratable-tbody-td"
                >
                  <div>
                    <strong
                      class="block lg:w-[30rem] xl:w-[44rem]"
                    >
                      caseTypeOngoingB
                    </strong>
                  </div>
                  <div>
                    <small>
                      <span
                        class="pr-md"
                      >
                        idOngoingB
                      </span>
                    </small>
                  </div>
                </td>
                <td
                  class="zebratable-tbody-td"
                >
                  <span
                    class="inline lg:hidden"
                  >
                    Senast ändrat: 
                  </span>
                  <span
                    class="block xl:w-[14rem]"
                  >
                    lastStatusChangeOngoingB
                  </span>
                </td>
                <td
                  class="zebratable-tbody-td"
                >
                  <span
                    class="inline lg:hidden"
                  >
                    Status: 
                  </span>
                  <span
                    class="flex items-center xl:w-[20rem]"
                  >
                    <span
                      class="badge-fullrounded
      false
      false
      false

      false
      false
      false

      false
      false
      false

      
         
      badge badge-sm badge-solid w-[14px] max-h-[14px] h-[14px] bg-info mr-2"
                    />
                    Kompletterad
                  </span>
                </td>
                <td
                  class="zebratable-tbody-td"
                >
                  <span
                    class="inline lg:hidden"
                  >
                    Skapa egen påminnelse: 
                  </span>
                  <span>
                    <div
                      class="mt-4 lg:mt-0 relative"
                    >
                      <button
                        aria-label="Skapa egen påminnelse"
                        class="btn btn-md btn-solid w-full lg:w-auto px-md"
                      >
                        <span
                          class="btn-has-icon-left"
                        >
                          <svg
                            aria-hidden="true"
                            class="MuiSvgIcon-root material-icon mr-sm"
                            data-testid="EditCalendarOutlinedIcon"
                            focusable="false"
                            viewBox="0 0 24 24"
                          >
                            <path
                              d="M2 8H16V10H18V4C18 2.9 17.1 2 16 2H15V0H13V2H5V0H3V2H2C0.89 2 0.00999999 2.9 0.00999999 4L0 18C0 19.1 0.89 20 2 20H9V18H2V8ZM2 4H16V6H2V4ZM19.84 14.28L19.13 14.99L17.01 12.87L17.72 12.16C18.11 11.77 18.74 11.77 19.13 12.16L19.84 12.87C20.23 13.26 20.23 13.89 19.84 14.28ZM16.3 13.58L18.42 15.7L13.12 21H11V18.88L16.3 13.58Z"
                            />
                          </svg>
                        </span>
                        Skapa egen påminnelse
                      </button>
                    </div>
                  </span>
                </td>
                <td
                  class="zebratable-tbody-td"
                >
                  <button
                    aria-label="Hämta PDF för ärende idOngoingB"
                    class="btn btn-md btn-solid w-full lg:w-auto px-md"
                    data-color="primary"
                  >
                    Hämta PDF 
                    <svg
                      aria-hidden="true"
                      class="MuiSvgIcon-root MuiSvgIcon-fontSizeMedium material-icon ml-sm css-i4bv87-MuiSvgIcon-root"
                      data-testid="FileDownloadOutlinedIcon"
                      focusable="false"
                      viewBox="0 0 24 24"
                    >
                      <path
                        d="M18 15v3H6v-3H4v3c0 1.1.9 2 2 2h12c1.1 0 2-.9 2-2v-3h-2zm-1-4-1.41-1.41L13 12.17V4h-2v8.17L8.41 9.59 7 11l5 5 5-5z"
                      />
                    </svg>
                  </button>
                </td>
              </tr>
              <tr
                class="zebratable-tbody-tr "
              >
                <td
                  class="zebratable-tbody-td"
                >
                  <div>
                    <strong
                      class="block lg:w-[30rem] xl:w-[44rem]"
                    >
                      caseTypeOngoingA
                    </strong>
                  </div>
                  <div>
                    <small>
                      <span
                        class="pr-md"
                      >
                        idOngoingA
                      </span>
                    </small>
                  </div>
                </td>
                <td
                  class="zebratable-tbody-td"
                >
                  <span
                    class="inline lg:hidden"
                  >
                    Senast ändrat: 
                  </span>
                  <span
                    class="block xl:w-[14rem]"
                  >
                    lastStatusChangeOngoingA
                  </span>
                </td>
                <td
                  class="zebratable-tbody-td"
                >
                  <span
                    class="inline lg:hidden"
                  >
                    Status: 
                  </span>
                  <span
                    class="flex items-center xl:w-[20rem]"
                  >
                    <span
                      class="badge-fullrounded
      false
      false
      false

      false
      false
      false

      false
      false
      false

      
         
      badge badge-sm badge-solid w-[14px] max-h-[14px] h-[14px] bg-info mr-2"
                    />
                    Kompletterad
                  </span>
                </td>
                <td
                  class="zebratable-tbody-td"
                >
                  <span
                    class="inline lg:hidden"
                  >
                    Skapa egen påminnelse: 
                  </span>
                  <span>
                    <div
                      class="mt-4 lg:mt-0 relative"
                    >
                      <button
                        aria-label="Skapa egen påminnelse"
                        class="btn btn-md btn-solid w-full lg:w-auto px-md"
                      >
                        <span
                          class="btn-has-icon-left"
                        >
                          <svg
                            aria-hidden="true"
                            class="MuiSvgIcon-root material-icon mr-sm"
                            data-testid="EditCalendarOutlinedIcon"
                            focusable="false"
                            viewBox="0 0 24 24"
                          >
                            <path
                              d="M2 8H16V10H18V4C18 2.9 17.1 2 16 2H15V0H13V2H5V0H3V2H2C0.89 2 0.00999999 2.9 0.00999999 4L0 18C0 19.1 0.89 20 2 20H9V18H2V8ZM2 4H16V6H2V4ZM19.84 14.28L19.13 14.99L17.01 12.87L17.72 12.16C18.11 11.77 18.74 11.77 19.13 12.16L19.84 12.87C20.23 13.26 20.23 13.89 19.84 14.28ZM16.3 13.58L18.42 15.7L13.12 21H11V18.88L16.3 13.58Z"
                            />
                          </svg>
                        </span>
                        Skapa egen påminnelse
                      </button>
                    </div>
                  </span>
                </td>
                <td
                  class="zebratable-tbody-td"
                >
                  <button
                    aria-label="Hämta PDF för ärende idOngoingA"
                    class="btn btn-md btn-solid w-full lg:w-auto px-md"
                    data-color="primary"
                  >
                    Hämta PDF 
                    <svg
                      aria-hidden="true"
                      class="MuiSvgIcon-root MuiSvgIcon-fontSizeMedium material-icon ml-sm css-i4bv87-MuiSvgIcon-root"
                      data-testid="FileDownloadOutlinedIcon"
                      focusable="false"
                      viewBox="0 0 24 24"
                    >
                      <path
                        d="M18 15v3H6v-3H4v3c0 1.1.9 2 2 2h12c1.1 0 2-.9 2-2v-3h-2zm-1-4-1.41-1.41L13 12.17V4h-2v8.17L8.41 9.59 7 11l5 5 5-5z"
                      />
                    </svg>
                  </button>
                </td>
              </tr>
            </tbody>
          </table>
          <div
            class="zebratable-bottomwrapper"
          >
            <div
              class="mx-sm align-text-bottom relative hidden lg:flex undefined"
              data-headlessui-state=""
            >
              <button
                aria-expanded="false"
                aria-label="Hjälptext"
                class="flex items-center"
                data-headlessui-state=""
                id="headlessui-popover-button-:r3:"
                type="button"
              >
                <strong
                  class="mr-2"
                >
                  Hjälp
                </strong>
                <svg
                  aria-hidden="true"
                  class="MuiSvgIcon-root MuiSvgIcon-fontSizeMedium css-1lrr7yx-MuiSvgIcon-root"
                  data-testid="HelpOutlineIcon"
                  focusable="false"
                  viewBox="0 0 24 24"
                >
                  <path
                    d="M11 18h2v-2h-2v2zm1-16C6.48 2 2 6.48 2 12s4.48 10 10 10 10-4.48 10-10S17.52 2 12 2zm0 18c-4.41 0-8-3.59-8-8s3.59-8 8-8 8 3.59 8 8-3.59 8-8 8zm0-14c-2.21 0-4 1.79-4 4h2c0-1.1.9-2 2-2s2 .9 2 2c0 2-3 1.75-3 5h2c0-2.25 3-2.5 3-5 0-2.21-1.79-4-4-4z"
                  />
                </svg>
              </button>
            </div>
          </div>
        </div>
      </div>
    </div>
  </div>,
  "debug": [Function],
  "findAllByAltText": [Function],
  "findAllByDisplayValue": [Function],
  "findAllByLabelText": [Function],
  "findAllByPlaceholderText": [Function],
  "findAllByRole": [Function],
  "findAllByTestId": [Function],
  "findAllByText": [Function],
  "findAllByTitle": [Function],
  "findByAltText": [Function],
  "findByDisplayValue": [Function],
  "findByLabelText": [Function],
  "findByPlaceholderText": [Function],
  "findByRole": [Function],
  "findByTestId": [Function],
  "findByText": [Function],
  "findByTitle": [Function],
  "getAllByAltText": [Function],
  "getAllByDisplayValue": [Function],
  "getAllByLabelText": [Function],
  "getAllByPlaceholderText": [Function],
  "getAllByRole": [Function],
  "getAllByTestId": [Function],
  "getAllByText": [Function],
  "getAllByTitle": [Function],
  "getByAltText": [Function],
  "getByDisplayValue": [Function],
  "getByLabelText": [Function],
  "getByPlaceholderText": [Function],
  "getByRole": [Function],
  "getByTestId": [Function],
  "getByText": [Function],
  "getByTitle": [Function],
  "queryAllByAltText": [Function],
  "queryAllByDisplayValue": [Function],
  "queryAllByLabelText": [Function],
  "queryAllByPlaceholderText": [Function],
  "queryAllByRole": [Function],
  "queryAllByTestId": [Function],
  "queryAllByText": [Function],
  "queryAllByTitle": [Function],
  "queryByAltText": [Function],
  "queryByDisplayValue": [Function],
  "queryByLabelText": [Function],
  "queryByPlaceholderText": [Function],
  "queryByRole": [Function],
  "queryByTestId": [Function],
  "queryByText": [Function],
  "queryByTitle": [Function],
  "rerender": [Function],
  "unmount": [Function],
}
`;
