// Jest Snapshot v1, https://goo.gl/fbAQLP

exports[`ActionPlan renders ActionPlan unchanged 1`] = `
{
  "asFragment": [Function],
  "baseElement": <body>
    <div
      class="Toaster"
      id="react-toast"
    >
      <span
        class="Toaster__manager-top"
        style="max-width: 560px; position: fixed; z-index: 5500; pointer-events: none; margin: 0px auto; text-align: center; top: 59px; right: 75px; left: 75px;"
      />
      <span
        class="Toaster__manager-top-left"
        style="max-width: 560px; position: fixed; z-index: 5500; pointer-events: none; top: 59px; left: 75px;"
      />
      <span
        class="Toaster__manager-top-right"
        style="max-width: 560px; position: fixed; z-index: 5500; pointer-events: none; top: 59px; right: 75px;"
      />
      <span
        class="Toaster__manager-bottom-left"
        style="max-width: 560px; position: fixed; z-index: 5500; pointer-events: none; bottom: 59px; left: 75px;"
      />
      <span
        class="Toaster__manager-bottom"
        style="max-width: 560px; position: fixed; z-index: 5500; pointer-events: none; margin: 0px auto; text-align: center; bottom: 59px; right: 75px; left: 75px;"
      />
      <span
        class="Toaster__manager-bottom-right"
        style="max-width: 560px; position: fixed; z-index: 5500; pointer-events: none; bottom: 59px; right: 75px;"
      />
    </div>
    <div>
      <div
        class="caseswrapper bg-white shadow-md my-lg py-lg rounded-lg"
        data-headlessui-state="open"
      >
        <div
          class="px-md md:px-lg"
        >
          <button
            aria-controls="headlessui-disclosure-panel-:r1:"
            aria-expanded="true"
            class="w-full flex justify-between border-b border-gray-stroke pb-sm mb-md"
            data-headlessui-state="open"
            id="headlessui-disclosure-button-:r0:"
            type="button"
          >
            <div
              class="flex items-center"
            >
              <h2
                class="text-lg md:text-xl inline-block"
              >
                <span>
                  Egna påminnelser (
                  2
                  )
                </span>
              </h2>
            </div>
            <div>
              <svg
                aria-hidden="true"
                class="MuiSvgIcon-root MuiSvgIcon-fontSizeLarge transform -rotate-90 css-tzssek-MuiSvgIcon-root"
                data-testid="ChevronRightIcon"
                focusable="false"
                viewBox="0 0 24 24"
              >
                <path
                  d="M10 6 8.59 7.41 13.17 12l-4.58 4.59L10 18l6-6z"
                />
              </svg>
            </div>
          </button>
        </div>
        <div
          data-headlessui-state="open"
          id="headlessui-disclosure-panel-:r1:"
        >
          <table
            aria-label="2 rader på 1 sidor"
            class="zebratable"
          >
            <thead
              class="zebratable-thead"
            >
              <tr
                class="zebratable-thead-tr"
              >
                <th
                  aria-sort="none"
                  class="zebratable-thead-th"
                  data-iscolumnsortable="true"
                  scope="col"
                >
                  <span
                    class="sr-only"
                  >
                    Ärende
                  </span>
                  <button
                    aria-label="Sortera efter Ärende i stigande ordning"
                    class="zebratable-sortbutton"
                  >
                    <span
                      class="font-bold"
                    >
                      Ärende
                    </span>
                    <div
                      class="zebratable-sortbutton-icon"
                    >
                      <svg
                        aria-hidden="true"
                        class="MuiSvgIcon-root MuiSvgIcon-fontSizeMedium zebratable-sortbutton-icon-more css-i4bv87-MuiSvgIcon-root"
                        data-testid="UnfoldMoreOutlinedIcon"
                        focusable="false"
                        viewBox="0 0 24 24"
                      >
                        <path
                          d="M12 5.83 15.17 9l1.41-1.41L12 3 7.41 7.59 8.83 9 12 5.83zm0 12.34L8.83 15l-1.41 1.41L12 21l4.59-4.59L15.17 15 12 18.17z"
                        />
                      </svg>
                    </div>
                  </button>
                </th>
                <th
                  aria-sort="descending"
                  class="zebratable-thead-th"
                  data-iscolumnsortable="true"
                  scope="col"
                >
                  <span
                    class="sr-only"
                  >
                    Senast ändrat
                  </span>
                  <button
                    aria-label="Sortera efter Senast ändrat i stigande ordning"
                    class="zebratable-sortbutton"
                  >
                    <span
                      class="font-bold"
                    >
                      Senast ändrat
                    </span>
                    <div
                      class="zebratable-sortbutton-icon"
                    >
                      <svg
                        aria-hidden="true"
                        class="MuiSvgIcon-root MuiSvgIcon-fontSizeMedium zebratable-sortbutton-icon-sort css-i4bv87-MuiSvgIcon-root"
                        data-sortmodeascending="false"
                        data-testid="ChevronRightOutlinedIcon"
                        focusable="false"
                        viewBox="0 0 24 24"
                      >
                        <path
                          d="M10 6 8.59 7.41 13.17 12l-4.58 4.59L10 18l6-6-6-6z"
                        />
                      </svg>
                    </div>
                  </button>
                </th>
                <th
                  aria-sort="none"
                  class="zebratable-thead-th"
                  data-iscolumnsortable="true"
                  scope="col"
                >
                  <span
                    class="sr-only"
                  >
                    Skapad av
                  </span>
                  <button
                    aria-label="Sortera efter Skapad av i stigande ordning"
                    class="zebratable-sortbutton"
                  >
                    <span
                      class="font-bold"
                    >
                      Skapad av
                    </span>
                    <div
                      class="zebratable-sortbutton-icon"
                    >
                      <svg
                        aria-hidden="true"
                        class="MuiSvgIcon-root MuiSvgIcon-fontSizeMedium zebratable-sortbutton-icon-more css-i4bv87-MuiSvgIcon-root"
                        data-testid="UnfoldMoreOutlinedIcon"
                        focusable="false"
                        viewBox="0 0 24 24"
                      >
                        <path
                          d="M12 5.83 15.17 9l1.41-1.41L12 3 7.41 7.59 8.83 9 12 5.83zm0 12.34L8.83 15l-1.41 1.41L12 21l4.59-4.59L15.17 15 12 18.17z"
                        />
                      </svg>
                    </div>
                  </button>
                </th>
                <th
                  aria-sort="none"
                  class="zebratable-thead-th"
                  data-iscolumnsortable="true"
                  scope="col"
                >
                  <span
                    class="sr-only"
                  >
                    Anteckning
                  </span>
                  <button
                    aria-label="Sortera efter Anteckning i stigande ordning"
                    class="zebratable-sortbutton"
                  >
                    <span
                      class="font-bold"
                    >
                      Anteckning
                    </span>
                    <div
                      class="zebratable-sortbutton-icon"
                    >
                      <svg
                        aria-hidden="true"
                        class="MuiSvgIcon-root MuiSvgIcon-fontSizeMedium zebratable-sortbutton-icon-more css-i4bv87-MuiSvgIcon-root"
                        data-testid="UnfoldMoreOutlinedIcon"
                        focusable="false"
                        viewBox="0 0 24 24"
                      >
                        <path
                          d="M12 5.83 15.17 9l1.41-1.41L12 3 7.41 7.59 8.83 9 12 5.83zm0 12.34L8.83 15l-1.41 1.41L12 21l4.59-4.59L15.17 15 12 18.17z"
                        />
                      </svg>
                    </div>
                  </button>
                </th>
                <th
                  aria-sort="none"
                  class="zebratable-thead-th"
                  data-iscolumnsortable="false"
                  scope="col"
                >
                  <span
                    class="sr-only"
                  >
                    Ärendeknapp
                  </span>
                </th>
                <th
                  aria-sort="none"
                  class="zebratable-thead-th"
                  data-iscolumnsortable="false"
                  scope="col"
                >
                  <span
                    class="sr-only"
                  >
                    Ärende
                  </span>
                </th>
                <th
                  aria-sort="none"
                  class="zebratable-thead-th"
                  data-iscolumnsortable="false"
                  scope="col"
                >
                  <span
                    class="sr-only"
                  >
                    Innehåll
                  </span>
                </th>
              </tr>
            </thead>
            <tbody
              class="zebratable-tbody"
            >
              <tr
                class="zebratable-tbody-tr "
              >
                <td
                  class="zebratable-tbody-td"
                >
                  <div
                    class="lg:w-[30rem] xl:w-[44rem]"
                  >
                    <div
                      class="inline-flex lg:-ml-3 "
                    >
                      <span
                        class="p-2 hidden lg:flex lg:items-center mr-sm"
                      >
                        <button
                          aria-label="Ta bort påminnelse: action"
                          class="btn btn-md btn-outline p-sm border-none"
                          data-rounded="true"
                        >
                          <svg
                            aria-hidden="true"
                            class="MuiSvgIcon-root MuiSvgIcon-fontSizeMedium material-icon !text-2xl css-i4bv87-MuiSvgIcon-root"
                            data-testid="DeleteOutlineOutlinedIcon"
                            focusable="false"
                            viewBox="0 0 24 24"
                          >
                            <path
                              d="M6 19c0 1.1.9 2 2 2h8c1.1 0 2-.9 2-2V7H6v12zM8 9h8v10H8V9zm7.5-5-1-1h-5l-1 1H5v2h14V4h-3.5z"
                            />
                          </svg>
                        </button>
                      </span>
                      <div
                        class="flex items-center flex-wrap "
                      >
                        <div
                          class="w-full flex items-center"
                        >
                          <span
                            class="p-2 lg:hidden"
                          >
                            <button
                              aria-label="Ta bort påminnelse: action"
                              class="btn btn-md btn-outline p-sm border-none"
                              data-rounded="true"
                            >
                              <svg
                                aria-hidden="true"
                                class="MuiSvgIcon-root MuiSvgIcon-fontSizeMedium material-icon !text-2xl css-i4bv87-MuiSvgIcon-root"
                                data-testid="DeleteOutlineOutlinedIcon"
                                focusable="false"
                                viewBox="0 0 24 24"
                              >
                                <path
                                  d="M6 19c0 1.1.9 2 2 2h8c1.1 0 2-.9 2-2V7H6v12zM8 9h8v10H8V9zm7.5-5-1-1h-5l-1 1H5v2h14V4h-3.5z"
                                />
                              </svg>
                            </button>
                          </span>
                          <button>
                            <span
                              class="link"
                            >
                              <strong>
                                action
                              </strong>
                            </span>
                          </button>
                        </div>
                        <div>
                          <small>
                            <span
                              class="pr-md"
                            >
                              caseId
                            </span>
                            <svg
                              aria-hidden="true"
                              class="MuiSvgIcon-root MuiSvgIcon-fontSizeMedium material-icon mr-sm align-text-bottom css-i4bv87-MuiSvgIcon-root"
                              data-testid="SendOutlinedIcon"
                              focusable="false"
                              viewBox="0 0 24 24"
                            >
                              <path
                                d="m4.01 6.03 7.51 3.22-7.52-1 .01-2.22m7.5 8.72L4 17.97v-2.22l7.51-1M2.01 3 2 10l15 2-15 2 .01 7L23 12 2.01 3z"
                              />
                            </svg>
                            <span
                              class="pr-md"
                            >
                              Skickas: 
                              Invalid Date
                            </span>
                          </small>
                        </div>
                      </div>
                    </div>
                  </div>
                </td>
                <td
                  class="zebratable-tbody-td"
                >
                  <span
                    class="inline lg:hidden"
                  >
                    Senast ändrat: 
                  </span>
                  <span
                    class="font-bold lg:font-normal block xl:w-[14rem]"
                  />
                </td>
                <td
                  class="zebratable-tbody-td"
                >
                  <span>
                    <span
                      class="lg:hidden"
                    >
                      Skapad av: 
                    </span>
                    <span
                      class="font-bold lg:font-normal block xl:w-[20rem]"
                    >
                      createdBy
                    </span>
                  </span>
                </td>
                <td
                  class="zebratable-tbody-td"
                >
                  <span>
                    <span
                      class="lg:hidden"
                    >
                      Anteckning: 
                    </span>
                    <span
                      class="font-bold lg:font-normal block xl:w-[30rem]"
                    >
                      note
                    </span>
                  </span>
                </td>
                <td
                  class="zebratable-tbody-td"
                >
                  <button
                    aria-label="Hämta PDF för ärende caseId"
                    class="btn btn-md btn-solid w-full lg:w-auto px-md"
                    data-color="primary"
                  >
                    Hämta PDF 
                    <svg
                      aria-hidden="true"
                      class="MuiSvgIcon-root MuiSvgIcon-fontSizeMedium material-icon ml-sm css-i4bv87-MuiSvgIcon-root"
                      data-testid="FileDownloadOutlinedIcon"
                      focusable="false"
                      viewBox="0 0 24 24"
                    >
                      <path
                        d="M18 15v3H6v-3H4v3c0 1.1.9 2 2 2h12c1.1 0 2-.9 2-2v-3h-2zm-1-4-1.41-1.41L13 12.17V4h-2v8.17L8.41 9.59 7 11l5 5 5-5z"
                      />
                    </svg>
                  </button>
                </td>
              </tr>
              <tr
                class="zebratable-tbody-tr "
              >
                <td
                  class="zebratable-tbody-td"
                >
                  <div
                    class="lg:w-[30rem] xl:w-[44rem]"
                  >
                    <div
                      class="inline-flex lg:-ml-3 "
                    >
                      <span
                        class="p-2 hidden lg:flex lg:items-center mr-sm"
                      >
                        <button
                          aria-label="Ta bort påminnelse: subject"
                          class="btn btn-md btn-outline p-sm border-none"
                          data-rounded="true"
                        >
                          <svg
                            aria-hidden="true"
                            class="MuiSvgIcon-root MuiSvgIcon-fontSizeMedium material-icon !text-2xl css-i4bv87-MuiSvgIcon-root"
                            data-testid="DeleteOutlineOutlinedIcon"
                            focusable="false"
                            viewBox="0 0 24 24"
                          >
                            <path
                              d="M6 19c0 1.1.9 2 2 2h8c1.1 0 2-.9 2-2V7H6v12zM8 9h8v10H8V9zm7.5-5-1-1h-5l-1 1H5v2h14V4h-3.5z"
                            />
                          </svg>
                        </button>
                      </span>
                      <div
                        class="flex items-center flex-wrap "
                      >
                        <div
                          class="w-full flex items-center"
                        >
                          <span
                            class="p-2 lg:hidden"
                          >
                            <button
                              aria-label="Ta bort påminnelse: subject"
                              class="btn btn-md btn-outline p-sm border-none"
                              data-rounded="true"
                            >
                              <svg
                                aria-hidden="true"
                                class="MuiSvgIcon-root MuiSvgIcon-fontSizeMedium material-icon !text-2xl css-i4bv87-MuiSvgIcon-root"
                                data-testid="DeleteOutlineOutlinedIcon"
                                focusable="false"
                                viewBox="0 0 24 24"
                              >
                                <path
                                  d="M6 19c0 1.1.9 2 2 2h8c1.1 0 2-.9 2-2V7H6v12zM8 9h8v10H8V9zm7.5-5-1-1h-5l-1 1H5v2h14V4h-3.5z"
                                />
                              </svg>
                            </button>
                          </span>
                          <button>
                            <span
                              class="link"
                            >
                              <strong>
                                subject
                              </strong>
                            </span>
                          </button>
                        </div>
                        <div>
                          <small>
                            <span
                              class="pr-md"
                            >
                              caseId
                            </span>
                            <span
                              class="pr-md"
                            >
                              Skapad: 
                              Invalid Date
                            </span>
                          </small>
                        </div>
                      </div>
                    </div>
                  </div>
                </td>
                <td
                  class="zebratable-tbody-td"
                >
                  <span
                    class="inline lg:hidden"
                  >
                    Senast ändrat: 
                  </span>
                  <span
                    class="font-bold lg:font-normal block xl:w-[14rem]"
                  />
                </td>
                <td
                  class="zebratable-tbody-td"
                >
                  <span>
                    <span
                      class="lg:hidden"
                    >
                      Skapad av: 
                    </span>
                    <span
                      class="font-bold lg:font-normal block xl:w-[20rem]"
                    >
                      createdBy
                    </span>
                  </span>
                </td>
                <td
                  class="zebratable-tbody-td"
                >
                  <span>
                    <span
                      class="lg:hidden"
                    >
                      Anteckning: 
                    </span>
                    <span
                      class="font-bold lg:font-normal block xl:w-[30rem]"
                    >
                      body
                    </span>
                  </span>
                </td>
                <td
                  class="zebratable-tbody-td"
                >
                  <button
                    aria-label="Hämta PDF för ärende caseId"
                    class="btn btn-md btn-solid w-full lg:w-auto px-md"
                    data-color="primary"
                  >
                    Hämta PDF 
                    <svg
                      aria-hidden="true"
                      class="MuiSvgIcon-root MuiSvgIcon-fontSizeMedium material-icon ml-sm css-i4bv87-MuiSvgIcon-root"
                      data-testid="FileDownloadOutlinedIcon"
                      focusable="false"
                      viewBox="0 0 24 24"
                    >
                      <path
                        d="M18 15v3H6v-3H4v3c0 1.1.9 2 2 2h12c1.1 0 2-.9 2-2v-3h-2zm-1-4-1.41-1.41L13 12.17V4h-2v8.17L8.41 9.59 7 11l5 5 5-5z"
                      />
                    </svg>
                  </button>
                </td>
              </tr>
            </tbody>
          </table>
          <div
            class="zebratable-bottomwrapper"
          >
            <div
              class="mx-sm align-text-bottom relative hidden lg:flex undefined"
              data-headlessui-state=""
            >
              <button
                aria-expanded="false"
                aria-label="Hjälptext"
                class="flex items-center"
                data-headlessui-state=""
                id="headlessui-popover-button-:r2:"
                type="button"
              >
                <strong
                  class="mr-2"
                >
                  Hjälp
                </strong>
                <svg
                  aria-hidden="true"
                  class="MuiSvgIcon-root MuiSvgIcon-fontSizeMedium css-1lrr7yx-MuiSvgIcon-root"
                  data-testid="HelpOutlineIcon"
                  focusable="false"
                  viewBox="0 0 24 24"
                >
                  <path
                    d="M11 18h2v-2h-2v2zm1-16C6.48 2 2 6.48 2 12s4.48 10 10 10 10-4.48 10-10S17.52 2 12 2zm0 18c-4.41 0-8-3.59-8-8s3.59-8 8-8 8 3.59 8 8-3.59 8-8 8zm0-14c-2.21 0-4 1.79-4 4h2c0-1.1.9-2 2-2s2 .9 2 2c0 2-3 1.75-3 5h2c0-2.25 3-2.5 3-5 0-2.21-1.79-4-4-4z"
                  />
                </svg>
              </button>
            </div>
          </div>
        </div>
      </div>
    </div>
  </body>,
  "container": <div>
    <div
      class="caseswrapper bg-white shadow-md my-lg py-lg rounded-lg"
      data-headlessui-state="open"
    >
      <div
        class="px-md md:px-lg"
      >
        <button
          aria-controls="headlessui-disclosure-panel-:r1:"
          aria-expanded="true"
          class="w-full flex justify-between border-b border-gray-stroke pb-sm mb-md"
          data-headlessui-state="open"
          id="headlessui-disclosure-button-:r0:"
          type="button"
        >
          <div
            class="flex items-center"
          >
            <h2
              class="text-lg md:text-xl inline-block"
            >
              <span>
                Egna påminnelser (
                2
                )
              </span>
            </h2>
          </div>
          <div>
            <svg
              aria-hidden="true"
              class="MuiSvgIcon-root MuiSvgIcon-fontSizeLarge transform -rotate-90 css-tzssek-MuiSvgIcon-root"
              data-testid="ChevronRightIcon"
              focusable="false"
              viewBox="0 0 24 24"
            >
              <path
                d="M10 6 8.59 7.41 13.17 12l-4.58 4.59L10 18l6-6z"
              />
            </svg>
          </div>
        </button>
      </div>
      <div
        data-headlessui-state="open"
        id="headlessui-disclosure-panel-:r1:"
      >
        <table
          aria-label="2 rader på 1 sidor"
          class="zebratable"
        >
          <thead
            class="zebratable-thead"
          >
            <tr
              class="zebratable-thead-tr"
            >
              <th
                aria-sort="none"
                class="zebratable-thead-th"
                data-iscolumnsortable="true"
                scope="col"
              >
                <span
                  class="sr-only"
                >
                  Ärende
                </span>
                <button
                  aria-label="Sortera efter Ärende i stigande ordning"
                  class="zebratable-sortbutton"
                >
                  <span
                    class="font-bold"
                  >
                    Ärende
                  </span>
                  <div
                    class="zebratable-sortbutton-icon"
                  >
                    <svg
                      aria-hidden="true"
                      class="MuiSvgIcon-root MuiSvgIcon-fontSizeMedium zebratable-sortbutton-icon-more css-i4bv87-MuiSvgIcon-root"
                      data-testid="UnfoldMoreOutlinedIcon"
                      focusable="false"
                      viewBox="0 0 24 24"
                    >
                      <path
                        d="M12 5.83 15.17 9l1.41-1.41L12 3 7.41 7.59 8.83 9 12 5.83zm0 12.34L8.83 15l-1.41 1.41L12 21l4.59-4.59L15.17 15 12 18.17z"
                      />
                    </svg>
                  </div>
                </button>
              </th>
              <th
                aria-sort="descending"
                class="zebratable-thead-th"
                data-iscolumnsortable="true"
                scope="col"
              >
                <span
                  class="sr-only"
                >
                  Senast ändrat
                </span>
                <button
                  aria-label="Sortera efter Senast ändrat i stigande ordning"
                  class="zebratable-sortbutton"
                >
                  <span
                    class="font-bold"
                  >
                    Senast ändrat
                  </span>
                  <div
                    class="zebratable-sortbutton-icon"
                  >
                    <svg
                      aria-hidden="true"
                      class="MuiSvgIcon-root MuiSvgIcon-fontSizeMedium zebratable-sortbutton-icon-sort css-i4bv87-MuiSvgIcon-root"
                      data-sortmodeascending="false"
                      data-testid="ChevronRightOutlinedIcon"
                      focusable="false"
                      viewBox="0 0 24 24"
                    >
                      <path
                        d="M10 6 8.59 7.41 13.17 12l-4.58 4.59L10 18l6-6-6-6z"
                      />
                    </svg>
                  </div>
                </button>
              </th>
              <th
                aria-sort="none"
                class="zebratable-thead-th"
                data-iscolumnsortable="true"
                scope="col"
              >
                <span
                  class="sr-only"
                >
                  Skapad av
                </span>
                <button
                  aria-label="Sortera efter Skapad av i stigande ordning"
                  class="zebratable-sortbutton"
                >
                  <span
                    class="font-bold"
                  >
                    Skapad av
                  </span>
                  <div
                    class="zebratable-sortbutton-icon"
                  >
                    <svg
                      aria-hidden="true"
                      class="MuiSvgIcon-root MuiSvgIcon-fontSizeMedium zebratable-sortbutton-icon-more css-i4bv87-MuiSvgIcon-root"
                      data-testid="UnfoldMoreOutlinedIcon"
                      focusable="false"
                      viewBox="0 0 24 24"
                    >
                      <path
                        d="M12 5.83 15.17 9l1.41-1.41L12 3 7.41 7.59 8.83 9 12 5.83zm0 12.34L8.83 15l-1.41 1.41L12 21l4.59-4.59L15.17 15 12 18.17z"
                      />
                    </svg>
                  </div>
                </button>
              </th>
              <th
                aria-sort="none"
                class="zebratable-thead-th"
                data-iscolumnsortable="true"
                scope="col"
              >
                <span
                  class="sr-only"
                >
                  Anteckning
                </span>
                <button
                  aria-label="Sortera efter Anteckning i stigande ordning"
                  class="zebratable-sortbutton"
                >
                  <span
                    class="font-bold"
                  >
                    Anteckning
                  </span>
                  <div
                    class="zebratable-sortbutton-icon"
                  >
                    <svg
                      aria-hidden="true"
                      class="MuiSvgIcon-root MuiSvgIcon-fontSizeMedium zebratable-sortbutton-icon-more css-i4bv87-MuiSvgIcon-root"
                      data-testid="UnfoldMoreOutlinedIcon"
                      focusable="false"
                      viewBox="0 0 24 24"
                    >
                      <path
                        d="M12 5.83 15.17 9l1.41-1.41L12 3 7.41 7.59 8.83 9 12 5.83zm0 12.34L8.83 15l-1.41 1.41L12 21l4.59-4.59L15.17 15 12 18.17z"
                      />
                    </svg>
                  </div>
                </button>
              </th>
              <th
                aria-sort="none"
                class="zebratable-thead-th"
                data-iscolumnsortable="false"
                scope="col"
              >
                <span
                  class="sr-only"
                >
                  Ärendeknapp
                </span>
              </th>
              <th
                aria-sort="none"
                class="zebratable-thead-th"
                data-iscolumnsortable="false"
                scope="col"
              >
                <span
                  class="sr-only"
                >
                  Ärende
                </span>
              </th>
              <th
                aria-sort="none"
                class="zebratable-thead-th"
                data-iscolumnsortable="false"
                scope="col"
              >
                <span
                  class="sr-only"
                >
                  Innehåll
                </span>
              </th>
            </tr>
          </thead>
          <tbody
            class="zebratable-tbody"
          >
            <tr
              class="zebratable-tbody-tr "
            >
              <td
                class="zebratable-tbody-td"
              >
                <div
                  class="lg:w-[30rem] xl:w-[44rem]"
                >
                  <div
                    class="inline-flex lg:-ml-3 "
                  >
                    <span
                      class="p-2 hidden lg:flex lg:items-center mr-sm"
                    >
                      <button
                        aria-label="Ta bort påminnelse: action"
                        class="btn btn-md btn-outline p-sm border-none"
                        data-rounded="true"
                      >
                        <svg
                          aria-hidden="true"
                          class="MuiSvgIcon-root MuiSvgIcon-fontSizeMedium material-icon !text-2xl css-i4bv87-MuiSvgIcon-root"
                          data-testid="DeleteOutlineOutlinedIcon"
                          focusable="false"
                          viewBox="0 0 24 24"
                        >
                          <path
                            d="M6 19c0 1.1.9 2 2 2h8c1.1 0 2-.9 2-2V7H6v12zM8 9h8v10H8V9zm7.5-5-1-1h-5l-1 1H5v2h14V4h-3.5z"
                          />
                        </svg>
                      </button>
                    </span>
                    <div
                      class="flex items-center flex-wrap "
                    >
                      <div
                        class="w-full flex items-center"
                      >
                        <span
                          class="p-2 lg:hidden"
                        >
                          <button
                            aria-label="Ta bort påminnelse: action"
                            class="btn btn-md btn-outline p-sm border-none"
                            data-rounded="true"
                          >
                            <svg
                              aria-hidden="true"
                              class="MuiSvgIcon-root MuiSvgIcon-fontSizeMedium material-icon !text-2xl css-i4bv87-MuiSvgIcon-root"
                              data-testid="DeleteOutlineOutlinedIcon"
                              focusable="false"
                              viewBox="0 0 24 24"
                            >
                              <path
                                d="M6 19c0 1.1.9 2 2 2h8c1.1 0 2-.9 2-2V7H6v12zM8 9h8v10H8V9zm7.5-5-1-1h-5l-1 1H5v2h14V4h-3.5z"
                              />
                            </svg>
                          </button>
                        </span>
                        <button>
                          <span
                            class="link"
                          >
                            <strong>
                              action
                            </strong>
                          </span>
                        </button>
                      </div>
                      <div>
                        <small>
                          <span
                            class="pr-md"
                          >
                            caseId
                          </span>
                          <svg
                            aria-hidden="true"
                            class="MuiSvgIcon-root MuiSvgIcon-fontSizeMedium material-icon mr-sm align-text-bottom css-i4bv87-MuiSvgIcon-root"
                            data-testid="SendOutlinedIcon"
                            focusable="false"
                            viewBox="0 0 24 24"
                          >
                            <path
                              d="m4.01 6.03 7.51 3.22-7.52-1 .01-2.22m7.5 8.72L4 17.97v-2.22l7.51-1M2.01 3 2 10l15 2-15 2 .01 7L23 12 2.01 3z"
                            />
                          </svg>
                          <span
                            class="pr-md"
                          >
                            Skickas: 
                            Invalid Date
                          </span>
                        </small>
                      </div>
                    </div>
                  </div>
                </div>
              </td>
              <td
                class="zebratable-tbody-td"
              >
                <span
                  class="inline lg:hidden"
                >
                  Senast ändrat: 
                </span>
                <span
                  class="font-bold lg:font-normal block xl:w-[14rem]"
                />
              </td>
              <td
                class="zebratable-tbody-td"
              >
                <span>
                  <span
                    class="lg:hidden"
                  >
                    Skapad av: 
                  </span>
                  <span
                    class="font-bold lg:font-normal block xl:w-[20rem]"
                  >
                    createdBy
                  </span>
                </span>
              </td>
              <td
                class="zebratable-tbody-td"
              >
                <span>
                  <span
                    class="lg:hidden"
                  >
                    Anteckning: 
                  </span>
                  <span
                    class="font-bold lg:font-normal block xl:w-[30rem]"
                  >
                    note
                  </span>
                </span>
              </td>
              <td
                class="zebratable-tbody-td"
              >
                <button
                  aria-label="Hämta PDF för ärende caseId"
                  class="btn btn-md btn-solid w-full lg:w-auto px-md"
                  data-color="primary"
                >
                  Hämta PDF 
                  <svg
                    aria-hidden="true"
                    class="MuiSvgIcon-root MuiSvgIcon-fontSizeMedium material-icon ml-sm css-i4bv87-MuiSvgIcon-root"
                    data-testid="FileDownloadOutlinedIcon"
                    focusable="false"
                    viewBox="0 0 24 24"
                  >
                    <path
                      d="M18 15v3H6v-3H4v3c0 1.1.9 2 2 2h12c1.1 0 2-.9 2-2v-3h-2zm-1-4-1.41-1.41L13 12.17V4h-2v8.17L8.41 9.59 7 11l5 5 5-5z"
                    />
                  </svg>
                </button>
              </td>
            </tr>
            <tr
              class="zebratable-tbody-tr "
            >
              <td
                class="zebratable-tbody-td"
              >
                <div
                  class="lg:w-[30rem] xl:w-[44rem]"
                >
                  <div
                    class="inline-flex lg:-ml-3 "
                  >
                    <span
                      class="p-2 hidden lg:flex lg:items-center mr-sm"
                    >
                      <button
                        aria-label="Ta bort påminnelse: subject"
                        class="btn btn-md btn-outline p-sm border-none"
                        data-rounded="true"
                      >
                        <svg
                          aria-hidden="true"
                          class="MuiSvgIcon-root MuiSvgIcon-fontSizeMedium material-icon !text-2xl css-i4bv87-MuiSvgIcon-root"
                          data-testid="DeleteOutlineOutlinedIcon"
                          focusable="false"
                          viewBox="0 0 24 24"
                        >
                          <path
                            d="M6 19c0 1.1.9 2 2 2h8c1.1 0 2-.9 2-2V7H6v12zM8 9h8v10H8V9zm7.5-5-1-1h-5l-1 1H5v2h14V4h-3.5z"
                          />
                        </svg>
                      </button>
                    </span>
                    <div
                      class="flex items-center flex-wrap "
                    >
                      <div
                        class="w-full flex items-center"
                      >
                        <span
                          class="p-2 lg:hidden"
                        >
                          <button
                            aria-label="Ta bort påminnelse: subject"
                            class="btn btn-md btn-outline p-sm border-none"
                            data-rounded="true"
                          >
                            <svg
                              aria-hidden="true"
                              class="MuiSvgIcon-root MuiSvgIcon-fontSizeMedium material-icon !text-2xl css-i4bv87-MuiSvgIcon-root"
                              data-testid="DeleteOutlineOutlinedIcon"
                              focusable="false"
                              viewBox="0 0 24 24"
                            >
                              <path
                                d="M6 19c0 1.1.9 2 2 2h8c1.1 0 2-.9 2-2V7H6v12zM8 9h8v10H8V9zm7.5-5-1-1h-5l-1 1H5v2h14V4h-3.5z"
                              />
                            </svg>
                          </button>
                        </span>
                        <button>
                          <span
                            class="link"
                          >
                            <strong>
                              subject
                            </strong>
                          </span>
                        </button>
                      </div>
                      <div>
                        <small>
                          <span
                            class="pr-md"
                          >
                            caseId
                          </span>
                          <span
                            class="pr-md"
                          >
                            Skapad: 
                            Invalid Date
                          </span>
                        </small>
                      </div>
                    </div>
                  </div>
                </div>
              </td>
              <td
                class="zebratable-tbody-td"
              >
                <span
                  class="inline lg:hidden"
                >
                  Senast ändrat: 
                </span>
                <span
                  class="font-bold lg:font-normal block xl:w-[14rem]"
                />
              </td>
              <td
                class="zebratable-tbody-td"
              >
                <span>
                  <span
                    class="lg:hidden"
                  >
                    Skapad av: 
                  </span>
                  <span
                    class="font-bold lg:font-normal block xl:w-[20rem]"
                  >
                    createdBy
                  </span>
                </span>
              </td>
              <td
                class="zebratable-tbody-td"
              >
                <span>
                  <span
                    class="lg:hidden"
                  >
                    Anteckning: 
                  </span>
                  <span
                    class="font-bold lg:font-normal block xl:w-[30rem]"
                  >
                    body
                  </span>
                </span>
              </td>
              <td
                class="zebratable-tbody-td"
              >
                <button
                  aria-label="Hämta PDF för ärende caseId"
                  class="btn btn-md btn-solid w-full lg:w-auto px-md"
                  data-color="primary"
                >
                  Hämta PDF 
                  <svg
                    aria-hidden="true"
                    class="MuiSvgIcon-root MuiSvgIcon-fontSizeMedium material-icon ml-sm css-i4bv87-MuiSvgIcon-root"
                    data-testid="FileDownloadOutlinedIcon"
                    focusable="false"
                    viewBox="0 0 24 24"
                  >
                    <path
                      d="M18 15v3H6v-3H4v3c0 1.1.9 2 2 2h12c1.1 0 2-.9 2-2v-3h-2zm-1-4-1.41-1.41L13 12.17V4h-2v8.17L8.41 9.59 7 11l5 5 5-5z"
                    />
                  </svg>
                </button>
              </td>
            </tr>
          </tbody>
        </table>
        <div
          class="zebratable-bottomwrapper"
        >
          <div
            class="mx-sm align-text-bottom relative hidden lg:flex undefined"
            data-headlessui-state=""
          >
            <button
              aria-expanded="false"
              aria-label="Hjälptext"
              class="flex items-center"
              data-headlessui-state=""
              id="headlessui-popover-button-:r2:"
              type="button"
            >
              <strong
                class="mr-2"
              >
                Hjälp
              </strong>
              <svg
                aria-hidden="true"
                class="MuiSvgIcon-root MuiSvgIcon-fontSizeMedium css-1lrr7yx-MuiSvgIcon-root"
                data-testid="HelpOutlineIcon"
                focusable="false"
                viewBox="0 0 24 24"
              >
                <path
                  d="M11 18h2v-2h-2v2zm1-16C6.48 2 2 6.48 2 12s4.48 10 10 10 10-4.48 10-10S17.52 2 12 2zm0 18c-4.41 0-8-3.59-8-8s3.59-8 8-8 8 3.59 8 8-3.59 8-8 8zm0-14c-2.21 0-4 1.79-4 4h2c0-1.1.9-2 2-2s2 .9 2 2c0 2-3 1.75-3 5h2c0-2.25 3-2.5 3-5 0-2.21-1.79-4-4-4z"
                />
              </svg>
            </button>
          </div>
        </div>
      </div>
    </div>
  </div>,
  "debug": [Function],
  "findAllByAltText": [Function],
  "findAllByDisplayValue": [Function],
  "findAllByLabelText": [Function],
  "findAllByPlaceholderText": [Function],
  "findAllByRole": [Function],
  "findAllByTestId": [Function],
  "findAllByText": [Function],
  "findAllByTitle": [Function],
  "findByAltText": [Function],
  "findByDisplayValue": [Function],
  "findByLabelText": [Function],
  "findByPlaceholderText": [Function],
  "findByRole": [Function],
  "findByTestId": [Function],
  "findByText": [Function],
  "findByTitle": [Function],
  "getAllByAltText": [Function],
  "getAllByDisplayValue": [Function],
  "getAllByLabelText": [Function],
  "getAllByPlaceholderText": [Function],
  "getAllByRole": [Function],
  "getAllByTestId": [Function],
  "getAllByText": [Function],
  "getAllByTitle": [Function],
  "getByAltText": [Function],
  "getByDisplayValue": [Function],
  "getByLabelText": [Function],
  "getByPlaceholderText": [Function],
  "getByRole": [Function],
  "getByTestId": [Function],
  "getByText": [Function],
  "getByTitle": [Function],
  "queryAllByAltText": [Function],
  "queryAllByDisplayValue": [Function],
  "queryAllByLabelText": [Function],
  "queryAllByPlaceholderText": [Function],
  "queryAllByRole": [Function],
  "queryAllByTestId": [Function],
  "queryAllByText": [Function],
  "queryAllByTitle": [Function],
  "queryByAltText": [Function],
  "queryByDisplayValue": [Function],
  "queryByLabelText": [Function],
  "queryByPlaceholderText": [Function],
  "queryByRole": [Function],
  "queryByTestId": [Function],
  "queryByText": [Function],
  "queryByTitle": [Function],
  "rerender": [Function],
  "unmount": [Function],
}
`;
